2023-01-16 17:09:20,455 : INFO : root : Loading config.
2023-01-16 17:09:20,462 : INFO : YamlMultifileConfigLoader : Machine config file #1: config.yaml
2023-01-16 17:09:20,462 : INFO : ConfigProcessor : Loading config from cache: C:\Users\dell\AppData\Local\Temp\823390186140f561069e51d67517f5d0.mpf_cache
2023-01-16 17:09:20,555 : INFO : ConfigProcessor : Loading config from cache: C:\Users\dell\AppData\Local\Temp\59a64183768b31a5bf2b8a1c5fa05afc.mpf_cache
2023-01-16 17:09:20,561 : INFO : ConfigProcessor : Loading config from cache: C:\Users\dell\AppData\Local\Temp\e4aaedaa0a5d6d283bdf8896bd678b71.mpf_cache
2023-01-16 17:09:20,568 : INFO : ConfigProcessor : Loading config from cache: C:\Users\dell\AppData\Local\Temp\59a64183768b31a5bf2b8a1c5fa05afc.mpf_cache
2023-01-16 17:09:20,569 : INFO : ConfigProcessor : Loading config from cache: C:\Users\dell\AppData\Local\Temp\d05889abdb32f5a85db64ac2e197f4ff.mpf_cache
2023-01-16 17:09:20,574 : INFO : ConfigProcessor : Loading config from cache: C:\Users\dell\AppData\Local\Temp\434c2e3a52e1507818428e1c584a9ae0.mpf_cache
2023-01-16 17:09:20,579 : INFO : ConfigProcessor : Loading config from cache: C:\Users\dell\AppData\Local\Temp\c96ee90647ae5b034e2dd42c348c42ad.mpf_cache
2023-01-16 17:09:20,585 : INFO : ConfigProcessor : Loading config from cache: C:\Users\dell\AppData\Local\Temp\ca0415bb38fd20ce1ae72b2592ece46e.mpf_cache
2023-01-16 17:09:20,590 : INFO : ConfigProcessor : Loading config from cache: C:\Users\dell\AppData\Local\Temp\72e9fea1cb562e40024eb5e8538ccaf2.mpf_cache
2023-01-16 17:09:20,595 : INFO : ConfigProcessor : Loading config from cache: C:\Users\dell\AppData\Local\Temp\c22c03646c3330fed25ec0d2c1900176.mpf_cache
2023-01-16 17:09:20,600 : INFO : ConfigProcessor : Loading config from cache: C:\Users\dell\AppData\Local\Temp\4f40b51a2a6ab6b3327b174347355c6f.mpf_cache
2023-01-16 17:09:20,605 : INFO : ConfigProcessor : Loading config from cache: C:\Users\dell\AppData\Local\Temp\39fabcdae38f081491893b3f9bf3922e.mpf_cache
2023-01-16 17:09:20,610 : WARNING : ConfigProcessor : Config file in cache changed: E:\MPF\wows\wows\modes\skill_shot\config\skill_shot.yaml
2023-01-16 17:09:20,610 : INFO : ConfigProcessor : Loading config from file E:\MPF\wows\wows\modes\skill_shot\config\skill_shot.yaml.
2023-01-16 17:09:20,702 : INFO : ConfigProcessor : Loading config: E:\MPF\wows\wows\modes\skill_shot\config\skill_shot.yaml
2023-01-16 17:09:20,702 : INFO : ConfigProcessor : Config file cache created: C:\Users\dell\AppData\Local\Temp\f18cd76783971ff471759940af4bc5eb.mpf_cache
2023-01-16 17:09:20,703 : INFO : ConfigProcessor : Loading config from cache: C:\Users\dell\AppData\Local\Temp\943ecf72a5798e3efec3d4f70c6ce1d2.mpf_cache
2023-01-16 17:09:20,709 : INFO : ConfigProcessor : Loading config from cache: C:\Users\dell\AppData\Local\Temp\04d9c03061fa17a1f6b23081f79db9ab.mpf_cache
2023-01-16 17:09:20,714 : INFO : ConfigProcessor : Loading config from cache: C:\Users\dell\AppData\Local\Temp\1ff29be1d22fb14fe5fd1c82a6918df4.mpf_cache
2023-01-16 17:09:20,719 : INFO : ConfigProcessor : Loading config from cache: C:\Users\dell\AppData\Local\Temp\f0ffd5ecaddfe34035bf3b1779215a88.mpf_cache
2023-01-16 17:09:20,725 : INFO : ConfigProcessor : Loading config from cache: C:\Users\dell\AppData\Local\Temp\b0de444617e3bf30a07f755a6d4831cc.mpf_cache
2023-01-16 17:09:20,729 : INFO : ConfigProcessor : Loading config from cache: C:\Users\dell\AppData\Local\Temp\200a9b2dddbe7706ffb4c4426b6d54a8.mpf_cache
2023-01-16 17:09:20,734 : INFO : ConfigProcessor : Loading config from cache: C:\Users\dell\AppData\Local\Temp\5ab98d4be1e8de85bea62364890eb2e9.mpf_cache
2023-01-16 17:09:20,739 : INFO : ConfigProcessor : Loading config from cache: C:\Users\dell\AppData\Local\Temp\4303dca7489148da2d256fc831cf8c96.mpf_cache
2023-01-16 17:09:20,745 : INFO : ConfigProcessor : Loading config from cache: C:\Users\dell\AppData\Local\Temp\e8fceecd8f65a6a7269e98c7961bbf6a.mpf_cache
2023-01-16 17:09:20,750 : INFO : ConfigProcessor : Loading config from cache: C:\Users\dell\AppData\Local\Temp\c84d6d08bf6f923cbcccfeeea02d2c8a.mpf_cache
2023-01-16 17:09:20,755 : INFO : ConfigProcessor : Loading config from cache: C:\Users\dell\AppData\Local\Temp\159a0b7ffc6de2ed1a8cdcd57b7df3c0.mpf_cache
2023-01-16 17:09:20,760 : INFO : ConfigProcessor : Loading config from cache: C:\Users\dell\AppData\Local\Temp\dd71d04ba3f4dce8325f2504de3de352.mpf_cache
2023-01-16 17:09:20,766 : INFO : ConfigProcessor : Loading config from cache: C:\Users\dell\AppData\Local\Temp\47da5935da57327449007069e0d0551c.mpf_cache
2023-01-16 17:09:20,772 : INFO : ConfigProcessor : Loading config from cache: C:\Users\dell\AppData\Local\Temp\b1234e2c44a33609dc2af4760c4a3f89.mpf_cache
2023-01-16 17:09:20,778 : INFO : ConfigProcessor : Loading config from cache: C:\Users\dell\AppData\Local\Temp\7ab9985e2a62b75a325504808417b1e7.mpf_cache
2023-01-16 17:09:20,783 : INFO : ConfigProcessor : Loading config from cache: C:\Users\dell\AppData\Local\Temp\466eddfec572894d9eb472ce07aa5fba.mpf_cache
2023-01-16 17:09:20,788 : INFO : ConfigProcessor : Loading config from cache: C:\Users\dell\AppData\Local\Temp\93429a2a8e0859f6546b68f40c2a4656.mpf_cache
2023-01-16 17:09:20,792 : INFO : ConfigProcessor : Loading config from cache: C:\Users\dell\AppData\Local\Temp\95ae88fb094583fa2b4097c6df179650.mpf_cache
2023-01-16 17:09:20,797 : INFO : ConfigProcessor : Loading config from cache: C:\Users\dell\AppData\Local\Temp\de2d3fc178b15ce3807fa4ab35b9c965.mpf_cache
2023-01-16 17:09:20,805 : INFO : ConfigProcessor : Loading config from cache: C:\Users\dell\AppData\Local\Temp\0c80ca2179989d09b86c78c19ec87d9b.mpf_cache
2023-01-16 17:09:20,810 : INFO : ConfigProcessor : Loading config from cache: C:\Users\dell\AppData\Local\Temp\95e265efe14e4eb05d8d5c5689c9ae6b.mpf_cache
2023-01-16 17:09:20,815 : INFO : ConfigProcessor : Loading config from cache: C:\Users\dell\AppData\Local\Temp\ba047bbdc168fca96d58d351c4240916.mpf_cache
2023-01-16 17:09:20,820 : INFO : ConfigProcessor : Loading config from cache: C:\Users\dell\AppData\Local\Temp\7c1900736275ba8a713cfe77e991e929.mpf_cache
2023-01-16 17:09:20,825 : INFO : ConfigProcessor : Loading config from cache: C:\Users\dell\AppData\Local\Temp\db3d1ab92e5d5c563b40d82372434517.mpf_cache
2023-01-16 17:09:20,830 : INFO : ConfigProcessor : Loading config from cache: C:\Users\dell\AppData\Local\Temp\78980531363184480bbd7075661ced33.mpf_cache
2023-01-16 17:09:20,835 : INFO : ConfigProcessor : Loading config from cache: C:\Users\dell\AppData\Local\Temp\efcf079e5af2b94e88dae4e07273acc8.mpf_cache
2023-01-16 17:09:20,840 : INFO : ConfigProcessor : Loading config from cache: C:\Users\dell\AppData\Local\Temp\44231afd4be159e8c99041e8eb88670e.mpf_cache
2023-01-16 17:09:20,845 : INFO : ConfigProcessor : Loading config from cache: C:\Users\dell\AppData\Local\Temp\2b5357265150b67996b1d26df60329cf.mpf_cache
2023-01-16 17:09:20,853 : INFO : ConfigProcessor : Loading config from cache: C:\Users\dell\AppData\Local\Temp\6d62665f0d27f04673542af594d4fd9b.mpf_cache
2023-01-16 17:09:20,856 : INFO : ConfigProcessor : Loading config from cache: C:\Users\dell\AppData\Local\Temp\3748cd4146dd8769dc8203d243b40460.mpf_cache
2023-01-16 17:09:20,860 : INFO : ConfigProcessor : Loading config from cache: C:\Users\dell\AppData\Local\Temp\17743d86d766158b74063aba6bc1c32c.mpf_cache
2023-01-16 17:09:20,865 : INFO : ConfigProcessor : Loading config from cache: C:\Users\dell\AppData\Local\Temp\f880dfaba64907cc1c8d35fe4f9ee098.mpf_cache
2023-01-16 17:09:20,869 : INFO : ConfigProcessor : Loading config from cache: C:\Users\dell\AppData\Local\Temp\b3315542fefac86d8251965e4eddcee0.mpf_cache
2023-01-16 17:09:20,874 : INFO : ConfigProcessor : Loading config from cache: C:\Users\dell\AppData\Local\Temp\c87ce6071caf9b8e671d40e32f84144f.mpf_cache
2023-01-16 17:09:20,878 : INFO : ConfigProcessor : Loading config from cache: C:\Users\dell\AppData\Local\Temp\2896a43e0d61e3501c9963d4b59c6ee0.mpf_cache
2023-01-16 17:09:20,883 : INFO : ConfigProcessor : Loading config from cache: C:\Users\dell\AppData\Local\Temp\ff8f94bde3fa94916ad1b7409fed77bd.mpf_cache
2023-01-16 17:09:20,889 : INFO : ConfigProcessor : Loading config from cache: C:\Users\dell\AppData\Local\Temp\053da04979f77c811527e2c0f3ca94fb.mpf_cache
2023-01-16 17:09:20,893 : INFO : ConfigProcessor : Loading config from cache: C:\Users\dell\AppData\Local\Temp\76437d1e292ff239f4f9dc05fbdd5cdf.mpf_cache
2023-01-16 17:09:20,897 : INFO : ConfigProcessor : Loading config from cache: C:\Users\dell\AppData\Local\Temp\a103f9965307e92153b3826866cd7d56.mpf_cache
2023-01-16 17:09:20,901 : INFO : ConfigProcessor : Loading config from cache: C:\Users\dell\AppData\Local\Temp\edf282469509fb91fe2444b6848262a1.mpf_cache
2023-01-16 17:09:20,905 : INFO : ConfigProcessor : Loading config from cache: C:\Users\dell\AppData\Local\Temp\b8da0a805f864daaf4908642bfd2e7fd.mpf_cache
2023-01-16 17:09:20,909 : INFO : ConfigProcessor : Loading config from cache: C:\Users\dell\AppData\Local\Temp\57bc401cb4a04615f5b5aa4ba6a61eb7.mpf_cache
2023-01-16 17:09:20,913 : INFO : ConfigProcessor : Loading config from cache: C:\Users\dell\AppData\Local\Temp\fee9cc2b93cb113814269e4a59231078.mpf_cache
2023-01-16 17:09:20,918 : INFO : ConfigProcessor : Loading config from cache: C:\Users\dell\AppData\Local\Temp\fcb209f5756d4056b66c34a3e9f20f60.mpf_cache
2023-01-16 17:09:20,922 : INFO : ConfigProcessor : Loading config from cache: C:\Users\dell\AppData\Local\Temp\797d5c88f37a3f4c1eda6cc76ebd1d4b.mpf_cache
2023-01-16 17:09:20,926 : INFO : ConfigProcessor : Loading config from cache: C:\Users\dell\AppData\Local\Temp\fd8f672dffbfb9b282859f7185f62437.mpf_cache
2023-01-16 17:09:20,930 : INFO : ConfigProcessor : Loading config from cache: C:\Users\dell\AppData\Local\Temp\986b6c77a360e7ca0a5b736ec9bfb4fa.mpf_cache
2023-01-16 17:09:20,934 : INFO : ConfigProcessor : Loading config from cache: C:\Users\dell\AppData\Local\Temp\851e1d46f2be32b89fdca6ef94995943.mpf_cache
2023-01-16 17:09:20,938 : INFO : ConfigProcessor : Loading config from cache: C:\Users\dell\AppData\Local\Temp\95f5997d9c4798b115eb453656d93a1f.mpf_cache
2023-01-16 17:09:20,942 : INFO : ConfigProcessor : Loading config from cache: C:\Users\dell\AppData\Local\Temp\804b9a1ad2b0368c8378a1697de79431.mpf_cache
2023-01-16 17:09:20,946 : INFO : ConfigProcessor : Loading config from cache: C:\Users\dell\AppData\Local\Temp\3f05176740ce9b1ce630d9f26057f472.mpf_cache
2023-01-16 17:09:20,951 : INFO : ConfigProcessor : Loading config from cache: C:\Users\dell\AppData\Local\Temp\d75c6855c6bfc342a42171d44ee55d0f.mpf_cache
2023-01-16 17:09:20,955 : INFO : ConfigProcessor : Loading config from cache: C:\Users\dell\AppData\Local\Temp\c03af884f77fd2edff48f1f1b29a0001.mpf_cache
2023-01-16 17:09:20,959 : INFO : ConfigProcessor : Loading config from cache: C:\Users\dell\AppData\Local\Temp\125cf4d7d8d0f7b14ac4e9b5c5fc6dd9.mpf_cache
2023-01-16 17:09:20,963 : INFO : ConfigProcessor : Loading config from cache: C:\Users\dell\AppData\Local\Temp\e98bbe1017594ac8f5dc55070bdaec1b.mpf_cache
2023-01-16 17:09:20,967 : INFO : ConfigProcessor : Loading config from cache: C:\Users\dell\AppData\Local\Temp\540f9a41a139edc7fb3c0d3fef764d79.mpf_cache
2023-01-16 17:09:20,971 : INFO : ConfigProcessor : Loading config from cache: C:\Users\dell\AppData\Local\Temp\66310f6b7da6aa9e1e12a092b4e5ea1e.mpf_cache
2023-01-16 17:09:20,976 : INFO : ConfigProcessor : Loading config from cache: C:\Users\dell\AppData\Local\Temp\e39b84c1f1807716ec310701a6bf0d73.mpf_cache
2023-01-16 17:09:20,980 : INFO : ConfigProcessor : Loading config from cache: C:\Users\dell\AppData\Local\Temp\a3a3c1b8b3198ac6ffa6b5064057ae07.mpf_cache
2023-01-16 17:09:20,984 : INFO : ConfigProcessor : Loading config from cache: C:\Users\dell\AppData\Local\Temp\4eebc146e222c8d9b7fa4d2858e69ea1.mpf_cache
2023-01-16 17:09:20,988 : INFO : ConfigProcessor : Loading config from cache: C:\Users\dell\AppData\Local\Temp\e126248c44ebfdee710b05c2b7d5fe82.mpf_cache
2023-01-16 17:09:20,992 : INFO : ConfigProcessor : Loading config from cache: C:\Users\dell\AppData\Local\Temp\69ecee52b21d2a851426dcc7135d38ea.mpf_cache
2023-01-16 17:09:20,998 : INFO : ConfigProcessor : Loading config from cache: C:\Users\dell\AppData\Local\Temp\56ece61e32d3cc2ed53dd325a47460b4.mpf_cache
2023-01-16 17:09:21,013 : INFO : ConfigProcessor : Loading config from cache: C:\Users\dell\AppData\Local\Temp\d0b1dbeaceec3deef73ab0fce07cd740.mpf_cache
2023-01-16 17:09:21,029 : INFO : ConfigProcessor : Loading config from cache: C:\Users\dell\AppData\Local\Temp\3d3afc7fea552c2bae3e6e1d92aa1a26.mpf_cache
2023-01-16 17:09:21,036 : INFO : ConfigProcessor : Loading config from cache: C:\Users\dell\AppData\Local\Temp\4bd243ad0d8c16d00a837306cf5c3d29.mpf_cache
2023-01-16 17:09:21,041 : INFO : ConfigProcessor : Loading config from cache: C:\Users\dell\AppData\Local\Temp\7f312b640f6d5109d8d1be2a05f128e8.mpf_cache
2023-01-16 17:09:21,046 : INFO : ConfigProcessor : Loading config from cache: C:\Users\dell\AppData\Local\Temp\67980d6a57506cd4da44486112b91bec.mpf_cache
2023-01-16 17:09:21,050 : INFO : ConfigProcessor : Loading config from cache: C:\Users\dell\AppData\Local\Temp\9ec3c911ae7e15f7065133c529810f95.mpf_cache
2023-01-16 17:09:21,054 : INFO : ConfigProcessor : Loading config from cache: C:\Users\dell\AppData\Local\Temp\930069940b749f97f86d219b2ddeacf1.mpf_cache
2023-01-16 17:09:21,059 : INFO : ConfigProcessor : Loading config from cache: C:\Users\dell\AppData\Local\Temp\650f26d6333e64d21657a8ef260f5acf.mpf_cache
2023-01-16 17:09:21,064 : INFO : ConfigProcessor : Loading config from cache: C:\Users\dell\AppData\Local\Temp\7fe69373349de136ea08d265848ee2de.mpf_cache
2023-01-16 17:09:21,069 : INFO : ConfigProcessor : Loading config from cache: C:\Users\dell\AppData\Local\Temp\24196d5bffa5766d9b4a62f9ae23e660.mpf_cache
2023-01-16 17:09:21,074 : INFO : ConfigProcessor : Loading config from cache: C:\Users\dell\AppData\Local\Temp\5f56171e4007003f2e0029bfa218d47c.mpf_cache
2023-01-16 17:09:21,079 : INFO : ConfigProcessor : Loading config from cache: C:\Users\dell\AppData\Local\Temp\9828dc3aacab1158f9e233d43cb3fe1f.mpf_cache
2023-01-16 17:09:21,083 : INFO : ConfigProcessor : Loading config from cache: C:\Users\dell\AppData\Local\Temp\93dd7129697f51b97f6c3186dcf43a8c.mpf_cache
2023-01-16 17:09:21,088 : INFO : ConfigProcessor : Loading config from cache: C:\Users\dell\AppData\Local\Temp\854a9aa5d57e7e92df5c4ac62cddaec0.mpf_cache
2023-01-16 17:09:21,092 : INFO : ConfigProcessor : Loading config from cache: C:\Users\dell\AppData\Local\Temp\4a17f5ab6f47bd6cbffa808b6eeea916.mpf_cache
2023-01-16 17:09:21,095 : INFO : ConfigProcessor : Loading config from cache: C:\Users\dell\AppData\Local\Temp\87b77888918ca02abc6ea55edabaa1e0.mpf_cache
2023-01-16 17:09:21,100 : INFO : ConfigProcessor : Loading config from cache: C:\Users\dell\AppData\Local\Temp\2e8097eb902f0db673edff67ef20cd70.mpf_cache
2023-01-16 17:09:21,105 : INFO : ConfigProcessor : Loading config from cache: C:\Users\dell\AppData\Local\Temp\6dda5ce3394e1c203b91cdb4c3bc5158.mpf_cache
2023-01-16 17:09:21,109 : INFO : ConfigProcessor : Loading config from cache: C:\Users\dell\AppData\Local\Temp\801d82c75b08baf8aba110a640054dee.mpf_cache
2023-01-16 17:09:21,114 : INFO : ConfigProcessor : Loading config from cache: C:\Users\dell\AppData\Local\Temp\6d7eeb6b67afdec81637282a9dda6782.mpf_cache
2023-01-16 17:09:21,118 : INFO : ConfigProcessor : Loading config from cache: C:\Users\dell\AppData\Local\Temp\f18efe2c04100550263acd9a8a6038af.mpf_cache
2023-01-16 17:09:21,122 : INFO : ConfigProcessor : Loading config from cache: C:\Users\dell\AppData\Local\Temp\77dfdfbf7011c8796e93f9e4ee745691.mpf_cache
2023-01-16 17:09:21,127 : INFO : ConfigProcessor : Loading config from cache: C:\Users\dell\AppData\Local\Temp\55e62533d8b0090336fcaf5380faf342.mpf_cache
2023-01-16 17:09:21,131 : INFO : ConfigProcessor : Loading config from cache: C:\Users\dell\AppData\Local\Temp\9fa4a25ee32f55bf2c6a76fb59d8bbaf.mpf_cache
2023-01-16 17:09:21,136 : INFO : ConfigProcessor : Loading config from cache: C:\Users\dell\AppData\Local\Temp\7e90ab1bc560333dd4b4d9f4aaf6bf62.mpf_cache
2023-01-16 17:09:21,140 : INFO : ConfigProcessor : Loading config from cache: C:\Users\dell\AppData\Local\Temp\24505a0d42d384632078d94085b52904.mpf_cache
2023-01-16 17:09:21,144 : INFO : ConfigProcessor : Loading config from cache: C:\Users\dell\AppData\Local\Temp\d2e2dee5d391f181bf417bbfa62b8ee2.mpf_cache
2023-01-16 17:09:21,149 : INFO : ConfigProcessor : Loading config from cache: C:\Users\dell\AppData\Local\Temp\4398dc713d774371f49c655025259670.mpf_cache
2023-01-16 17:09:21,154 : INFO : ConfigProcessor : Loading config from cache: C:\Users\dell\AppData\Local\Temp\2a10046c74e5eb8ef0ed9d338302b7e2.mpf_cache
2023-01-16 17:09:21,158 : INFO : ConfigProcessor : Loading config from cache: C:\Users\dell\AppData\Local\Temp\1976a772a16c7f14b7c542c255637f22.mpf_cache
2023-01-16 17:09:21,163 : INFO : ConfigProcessor : Loading config from cache: C:\Users\dell\AppData\Local\Temp\91df8e0ae0e44730ed622ea2efb74e97.mpf_cache
2023-01-16 17:09:21,167 : INFO : ConfigProcessor : Loading config from cache: C:\Users\dell\AppData\Local\Temp\dff6fabdd3c60a7e52618c514c4d53bb.mpf_cache
2023-01-16 17:09:21,171 : INFO : ConfigProcessor : Loading config from cache: C:\Users\dell\AppData\Local\Temp\b00ca6d895de68a8daf4555cf943ba58.mpf_cache
2023-01-16 17:09:21,176 : INFO : ConfigProcessor : Loading config from cache: C:\Users\dell\AppData\Local\Temp\b5b8a4db5bea0726b6595532599dafa3.mpf_cache
2023-01-16 17:09:21,180 : INFO : ConfigProcessor : Loading config from cache: C:\Users\dell\AppData\Local\Temp\69fdf32f8b1f00ca71933bfdf818d181.mpf_cache
2023-01-16 17:09:21,185 : INFO : ConfigProcessor : Loading config from cache: C:\Users\dell\AppData\Local\Temp\2ea47c81ed4f8a69c675021c80778e85.mpf_cache
2023-01-16 17:09:21,189 : INFO : ConfigProcessor : Loading config from cache: C:\Users\dell\AppData\Local\Temp\4341f22727a1b0f8b478ff6fc7114278.mpf_cache
2023-01-16 17:09:21,194 : INFO : ConfigProcessor : Loading config from cache: C:\Users\dell\AppData\Local\Temp\34b907b0c1988670c99198ad34048e9b.mpf_cache
2023-01-16 17:09:21,198 : INFO : ConfigProcessor : Loading config from cache: C:\Users\dell\AppData\Local\Temp\3078b120455821a73c8c6f8a1dceab4f.mpf_cache
2023-01-16 17:09:21,205 : INFO : ConfigProcessor : Loading config from cache: C:\Users\dell\AppData\Local\Temp\d95a17e65a2b41e386a7fc14bcda65fd.mpf_cache
2023-01-16 17:09:21,210 : INFO : ConfigProcessor : Loading config from cache: C:\Users\dell\AppData\Local\Temp\70a3dc288dcfdeeb747f888700969697.mpf_cache
2023-01-16 17:09:21,215 : INFO : ConfigProcessor : Loading config from cache: C:\Users\dell\AppData\Local\Temp\a545989d29acb91f9b5046622b67b4ed.mpf_cache
2023-01-16 17:09:21,219 : INFO : ConfigProcessor : Loading config from cache: C:\Users\dell\AppData\Local\Temp\8d6f9c7ff9c39db68f4d155bf8492fbe.mpf_cache
2023-01-16 17:09:21,224 : INFO : ConfigProcessor : Loading config from cache: C:\Users\dell\AppData\Local\Temp\155f4ce74e2bf17af8dbff2a4763087f.mpf_cache
2023-01-16 17:09:21,228 : INFO : ConfigProcessor : Loading config from cache: C:\Users\dell\AppData\Local\Temp\1f327f8ed4990105250a8e68ccfd880b.mpf_cache
2023-01-16 17:09:21,233 : INFO : ConfigProcessor : Loading config from cache: C:\Users\dell\AppData\Local\Temp\631f1a0f4495ddfec417d1e517d075ee.mpf_cache
2023-01-16 17:09:21,237 : INFO : ConfigProcessor : Loading config from cache: C:\Users\dell\AppData\Local\Temp\58d128190d1d0b57398f3d0bb3d51665.mpf_cache
2023-01-16 17:09:21,242 : INFO : ConfigProcessor : Loading config from cache: C:\Users\dell\AppData\Local\Temp\3a392e0f36204bd15fe7f620a9abd8a5.mpf_cache
2023-01-16 17:09:21,246 : INFO : ConfigProcessor : Loading config from cache: C:\Users\dell\AppData\Local\Temp\a21cdf4e7d11d0ddd588c2361820cd3f.mpf_cache
2023-01-16 17:09:21,251 : INFO : ConfigProcessor : Loading config from cache: C:\Users\dell\AppData\Local\Temp\c985e32e9d44f65a2b4ce21de0879b93.mpf_cache
2023-01-16 17:09:21,256 : INFO : ConfigProcessor : Loading config from cache: C:\Users\dell\AppData\Local\Temp\53b5443f454133ae1b362b3b93db77cb.mpf_cache
2023-01-16 17:09:21,260 : INFO : ConfigProcessor : Loading config from cache: C:\Users\dell\AppData\Local\Temp\3931d087bd0a337e7115b05d59ca5799.mpf_cache
2023-01-16 17:09:21,264 : INFO : ConfigProcessor : Loading config from cache: C:\Users\dell\AppData\Local\Temp\4b9dbb62597032bf50b643d8dab4e70a.mpf_cache
2023-01-16 17:09:21,291 : INFO : ConfigProcessor : Loading config from cache: C:\Users\dell\AppData\Local\Temp\765fb0e29c5e0a3c4df63af3a63a2aa9.mpf_cache
2023-01-16 17:09:21,296 : INFO : ConfigProcessor : Loading config from cache: C:\Users\dell\AppData\Local\Temp\92bd7ddb78685ce3872fdffddbf4066b.mpf_cache
2023-01-16 17:09:21,300 : INFO : ConfigProcessor : Loading config from cache: C:\Users\dell\AppData\Local\Temp\f17b18f8fc49aa4015f8aaed5fe0310c.mpf_cache
2023-01-16 17:09:21,305 : INFO : ConfigProcessor : Loading config from cache: C:\Users\dell\AppData\Local\Temp\6025440fe966918e9010659c75a84677.mpf_cache
2023-01-16 17:09:21,310 : INFO : ConfigProcessor : Loading config from cache: C:\Users\dell\AppData\Local\Temp\cfdf05d29e2db67703b682b9e2f3ca3c.mpf_cache
2023-01-16 17:09:21,314 : INFO : ConfigProcessor : Loading config from cache: C:\Users\dell\AppData\Local\Temp\d94e10a03295440a68c0665192595ed1.mpf_cache
2023-01-16 17:09:21,318 : INFO : ConfigProcessor : Loading config from cache: C:\Users\dell\AppData\Local\Temp\01f102dbddb32abe391845f1f1fb6297.mpf_cache
2023-01-16 17:09:21,322 : INFO : ConfigProcessor : Loading config from cache: C:\Users\dell\AppData\Local\Temp\31f678389d4048ccede53f3d9bb6ebf4.mpf_cache
2023-01-16 17:09:21,327 : INFO : ConfigProcessor : Loading config from cache: C:\Users\dell\AppData\Local\Temp\b22da84cc4aef91ed7f9bc0328a0f1b4.mpf_cache
2023-01-16 17:09:21,334 : INFO : ConfigProcessor : Loading config from cache: C:\Users\dell\AppData\Local\Temp\da1fede4c95c7878b99d619776f98fd7.mpf_cache
2023-01-16 17:09:21,340 : INFO : ConfigProcessor : Loading config from cache: C:\Users\dell\AppData\Local\Temp\cc30193cdee974cc13426b098027cee1.mpf_cache
2023-01-16 17:09:21,351 : INFO : ConfigProcessor : Loading config from cache: C:\Users\dell\AppData\Local\Temp\58e69a62c4f703cc84058f6193109d31.mpf_cache
2023-01-16 17:09:21,358 : INFO : ConfigProcessor : Loading config from cache: C:\Users\dell\AppData\Local\Temp\e6a4926517ab55f9ed1b3658c3e4007c.mpf_cache
2023-01-16 17:09:21,362 : INFO : ConfigProcessor : Loading config from cache: C:\Users\dell\AppData\Local\Temp\66ee654434268f21d59a1a197a33e84e.mpf_cache
2023-01-16 17:09:21,367 : INFO : ConfigProcessor : Loading config from cache: C:\Users\dell\AppData\Local\Temp\0ad8a8c62d71fd6db5e688e34997c124.mpf_cache
2023-01-16 17:09:21,372 : INFO : ConfigProcessor : Loading config from cache: C:\Users\dell\AppData\Local\Temp\986ed299862bf4d6a9ee043620eb4411.mpf_cache
2023-01-16 17:09:21,377 : INFO : ConfigProcessor : Loading config from cache: C:\Users\dell\AppData\Local\Temp\85def6e32b8790efec9df62810edf89f.mpf_cache
2023-01-16 17:09:21,382 : INFO : ConfigProcessor : Loading config from cache: C:\Users\dell\AppData\Local\Temp\b4b8bbe6eb89ffab7b0a5bdc28aa737c.mpf_cache
2023-01-16 17:09:21,387 : INFO : ConfigProcessor : Loading config from cache: C:\Users\dell\AppData\Local\Temp\234f7aa8fcdaed8506c3f7e3d1434348.mpf_cache
2023-01-16 17:09:21,398 : INFO : ConfigProcessor : Loading config from cache: C:\Users\dell\AppData\Local\Temp\836170f935ca4f3a3c83dd48d4288e22.mpf_cache
2023-01-16 17:09:21,404 : INFO : ConfigProcessor : Loading config from cache: C:\Users\dell\AppData\Local\Temp\0a4bf4f558c6de89fd1636f30c6211d9.mpf_cache
2023-01-16 17:09:21,409 : INFO : ConfigProcessor : Loading config from cache: C:\Users\dell\AppData\Local\Temp\3936448b27d8bfc57c517bc3bf9d3aa2.mpf_cache
2023-01-16 17:09:21,425 : INFO : ConfigProcessor : Loading config from cache: C:\Users\dell\AppData\Local\Temp\73d13f131bebf83032dc613efdff3522.mpf_cache
2023-01-16 17:09:21,430 : INFO : ConfigProcessor : Loading config from cache: C:\Users\dell\AppData\Local\Temp\20beca28b497152ca0fd3409b83d4b87.mpf_cache
2023-01-16 17:09:21,434 : INFO : ConfigProcessor : Loading config from cache: C:\Users\dell\AppData\Local\Temp\e816efa2a54094e8cd44dabebc7784df.mpf_cache
2023-01-16 17:09:21,438 : INFO : ConfigProcessor : Loading config from cache: C:\Users\dell\AppData\Local\Temp\ec91b3a5e4d650dc4f7371582fb38eed.mpf_cache
2023-01-16 17:09:21,442 : INFO : ConfigProcessor : Loading config from cache: C:\Users\dell\AppData\Local\Temp\9a1a1c28ae640e16df86b556a2688443.mpf_cache
2023-01-16 17:09:21,447 : INFO : ConfigProcessor : Loading config from cache: C:\Users\dell\AppData\Local\Temp\3463b2a86a39355c183f674ae2b12038.mpf_cache
2023-01-16 17:09:21,451 : INFO : ConfigProcessor : Loading config from cache: C:\Users\dell\AppData\Local\Temp\6e6719c61d3fa021e7d679c2f24e1608.mpf_cache
2023-01-16 17:09:21,455 : INFO : ConfigProcessor : Loading config from cache: C:\Users\dell\AppData\Local\Temp\aa69a2c5c0adb7f9c40b6db4f1ca3483.mpf_cache
2023-01-16 17:09:21,459 : INFO : ConfigProcessor : Loading config from cache: C:\Users\dell\AppData\Local\Temp\971ebba8800a659d7a8e99cb206beff7.mpf_cache
2023-01-16 17:09:21,464 : INFO : ConfigProcessor : Loading config from cache: C:\Users\dell\AppData\Local\Temp\07e13f5cf5882efd50a16f81bcde4606.mpf_cache
2023-01-16 17:09:21,468 : INFO : ConfigProcessor : Loading config from cache: C:\Users\dell\AppData\Local\Temp\48a45c572b20481e47ff005f73695e50.mpf_cache
2023-01-16 17:09:21,472 : INFO : ConfigProcessor : Loading config from cache: C:\Users\dell\AppData\Local\Temp\f12c25ef7bc56249cbbfe26e4a8634a0.mpf_cache
2023-01-16 17:09:21,476 : INFO : ConfigProcessor : Loading config from cache: C:\Users\dell\AppData\Local\Temp\7058dd9e75ad4dd97e6d02eda1f8d5f4.mpf_cache
2023-01-16 17:09:21,481 : INFO : ConfigProcessor : Loading config from cache: C:\Users\dell\AppData\Local\Temp\47777129294a1397780765ae2671e381.mpf_cache
2023-01-16 17:09:21,485 : INFO : ConfigProcessor : Loading config from cache: C:\Users\dell\AppData\Local\Temp\a26dda2f3898e9b95a688d2faa147e67.mpf_cache
2023-01-16 17:09:21,491 : INFO : ConfigProcessor : Loading config from cache: C:\Users\dell\AppData\Local\Temp\fbd33e7aab60e9ffed5e28859db24a15.mpf_cache
2023-01-16 17:09:21,495 : INFO : ConfigProcessor : Loading config from cache: C:\Users\dell\AppData\Local\Temp\64f60477c2da2625fa9ef2a86d50bb34.mpf_cache
2023-01-16 17:09:21,499 : INFO : ConfigProcessor : Loading config from cache: C:\Users\dell\AppData\Local\Temp\49b862cde9d22907c81f839348639a1f.mpf_cache
2023-01-16 17:09:21,505 : INFO : ConfigProcessor : Loading config from cache: C:\Users\dell\AppData\Local\Temp\21dda72cc57cadcf698e50094b8ee97d.mpf_cache
2023-01-16 17:09:21,520 : INFO : ConfigProcessor : Loading config from cache: C:\Users\dell\AppData\Local\Temp\f9ee12ee8bbd05f85378a9386ceacce5.mpf_cache
2023-01-16 17:09:21,527 : INFO : ConfigProcessor : Loading config from cache: C:\Users\dell\AppData\Local\Temp\0394fc9fe8dda0bc8c420287c11c8aae.mpf_cache
2023-01-16 17:09:21,531 : INFO : ConfigProcessor : Loading config from cache: C:\Users\dell\AppData\Local\Temp\812e1e327d6ef9a51d487328d0586885.mpf_cache
2023-01-16 17:09:21,536 : INFO : ConfigProcessor : Loading config from cache: C:\Users\dell\AppData\Local\Temp\70cf3c9830d27e79cc1fda7cb07bc23d.mpf_cache
2023-01-16 17:09:21,541 : INFO : ConfigProcessor : Loading config from cache: C:\Users\dell\AppData\Local\Temp\db70c5aab62dca0f645afe12f6eb7df3.mpf_cache
2023-01-16 17:09:21,681 : INFO : Machine : Mission Pinball Framework Core Engine v0.54.6
2023-01-16 17:09:21,681 : INFO : Machine : Command line arguments: {'no_load_cache': False, 'create_config_cache': True, 'bcp': True, 'configfile': ['config.yaml'], 'force_assets_load': False, 'jsonlogging': False, 'logfile': 'logs\\2023-01-16-17-09-20-mpf-DESKTOP-7A962BJ.log', 'pause': False, 'production': False, 'text_ui': True, 'loglevel': 15, 'consoleloglevel': 20, 'force_platform': None, 'syslog_address': None, 'mc_file_name': None, 'no_sound': False}
2023-01-16 17:09:21,681 : INFO : Machine : MPF path: c:\users\dell\appdata\local\programs\python\python36\lib\site-packages\mpf
2023-01-16 17:09:21,681 : INFO : Machine : Machine path: E:\MPF\wows\wows
2023-01-16 17:09:21,681 : INFO : Machine : Platform: win32
2023-01-16 17:09:21,681 : INFO : Machine : Python executable location: c:\users\dell\appdata\local\programs\python\python36\python.exe
2023-01-16 17:09:21,681 : INFO : Machine : Python version: 3.6.4 (64-bit)
2023-01-16 17:09:21,683 : INFO : Machine : Initialise MPF.
2023-01-16 17:09:22,233 : INFO : Pin2DmdDevice : Connecting to Pin2DMD RGB DMD
2023-01-16 17:09:22,249 : INFO : Pin2DmdDevice : Connected to Pin2DMD
2023-01-16 17:09:22,249 : INFO : EventManager : Event: ======'machine_var_credits_string'====== Args={'value': 'FREE PLAY', 'prev_value': None, 'change': True}
2023-01-16 17:09:22,322 : INFO : EventManager : Event: ======'machine_var_player1_score'====== Args={'value': 0, 'prev_value': None, 'change': True}
2023-01-16 17:09:22,322 : INFO : EventManager : Event: ======'machine_var_mv_dmg_con_time'====== Args={'value': 9, 'prev_value': None, 'change': True}
2023-01-16 17:09:22,322 : INFO : EventManager : Event: ======'machine_var_mv_bomb_1_cost'====== Args={'value': 1, 'prev_value': None, 'change': True}
2023-01-16 17:09:22,322 : INFO : EventManager : Event: ======'machine_var_mv_bomb_2_cost'====== Args={'value': 1, 'prev_value': None, 'change': True}
2023-01-16 17:09:22,322 : INFO : EventManager : Event: ======'machine_var_mv_bomb_3_cost'====== Args={'value': 1, 'prev_value': None, 'change': True}
2023-01-16 17:09:22,322 : INFO : EventManager : Event: ======'machine_var_mv_bomb_4_cost'====== Args={'value': 1, 'prev_value': None, 'change': True}
2023-01-16 17:09:22,322 : INFO : EventManager : Event: ======'machine_var_mv_bomb_5_cost'====== Args={'value': 1, 'prev_value': None, 'change': True}
2023-01-16 17:09:22,322 : INFO : EventManager : Event: ======'machine_var_mv_bomb_6_cost'====== Args={'value': 1, 'prev_value': None, 'change': True}
2023-01-16 17:09:22,322 : INFO : EventManager : Event: ======'machine_var_mv_bomb_7_and_9_cost'====== Args={'value': 1, 'prev_value': None, 'change': True}
2023-01-16 17:09:22,322 : INFO : EventManager : Event: ======'machine_var_mv_bomb_8_cost'====== Args={'value': 1, 'prev_value': None, 'change': True}
2023-01-16 17:09:22,322 : INFO : EventManager : Event: ======'machine_var_mv_bomb_10_cost'====== Args={'value': 1, 'prev_value': None, 'change': True}
2023-01-16 17:09:22,323 : INFO : EventManager : Event: ======'machine_var_mv_bomb_mode_cost'====== Args={'value': 1, 'prev_value': None, 'change': True}
2023-01-16 17:09:22,323 : INFO : EventManager : Event: ======'machine_var_mpf_version'====== Args={'value': 'MPF v0.54.6', 'prev_value': None, 'change': True}
2023-01-16 17:09:22,323 : INFO : EventManager : Event: ======'machine_var_mpf_extended_version'====== Args={'value': 'MPF v0.54.6, Config version:5, Show version: 5, BCP version:1.1', 'prev_value': None, 'change': True}
2023-01-16 17:09:22,323 : INFO : EventManager : Event: ======'machine_var_python_version'====== Args={'value': '3.6.4', 'prev_value': None, 'change': True}
2023-01-16 17:09:22,323 : INFO : EventManager : Event: ======'machine_var_platform'====== Args={'value': 'Windows-10-10.0.19041-SP0', 'prev_value': None, 'change': True}
2023-01-16 17:09:22,323 : INFO : EventManager : Event: ======'machine_var_platform_system'====== Args={'value': 'Windows', 'prev_value': None, 'change': True}
2023-01-16 17:09:22,323 : INFO : EventManager : Event: ======'machine_var_platform_release'====== Args={'value': '10', 'prev_value': None, 'change': True}
2023-01-16 17:09:22,323 : INFO : EventManager : Event: ======'machine_var_platform_version'====== Args={'value': '10.0.19041', 'prev_value': None, 'change': True}
2023-01-16 17:09:22,323 : INFO : EventManager : Event: ======'machine_var_platform_machine'====== Args={'value': 'AMD64', 'prev_value': None, 'change': True}
2023-01-16 17:09:22,323 : INFO : EventManager : Event: ======'init_phase_1'====== Args={}
2023-01-16 17:09:22,987 : INFO : EventManager : Event: ======'logicblock_m1_delay_updated'====== Args={'value': 0, 'enabled': True}
2023-01-16 17:09:22,987 : INFO : EventManager : Event: ======'logicblock_m1_delay_updated'====== Args={'value': 0, 'enabled': True}
2023-01-16 17:09:22,987 : INFO : EventManager : Event: ======'logicblock_capture_global_counter_updated'====== Args={'value': 6, 'enabled': True}
2023-01-16 17:09:22,987 : INFO : EventManager : Event: ======'logicblock_capture_global_counter_updated'====== Args={'value': 6, 'enabled': True}
2023-01-16 17:09:22,988 : INFO : EventManager : Event: ======'main_state'====== Args={}
2023-01-16 17:09:22,988 : INFO : EventManager : Event: ======'IGNORE'====== Args={}
2023-01-16 17:09:22,988 : INFO : EventManager : Event: ======'lock_lit_started'====== Args={}
2023-01-16 17:09:22,988 : INFO : EventManager : Event: ======'disable_mode'====== Args={}
2023-01-16 17:09:22,988 : INFO : EventManager : Event: ======'multiball_inactive'====== Args={}
2023-01-16 17:09:22,988 : INFO : EventManager : Event: ======'lite_detonation_start'====== Args={}
2023-01-16 17:09:22,989 : INFO : EventManager : Event: ======'battle_inactive'====== Args={}
2023-01-16 17:09:22,989 : INFO : EventManager : Event: ======'HAGYDFIGYELMENKIVUL'====== Args={}
2023-01-16 17:09:22,989 : INFO : EventManager : Event: ======'enable_citadel_diverter'====== Args={}
2023-01-16 17:09:22,989 : INFO : EventManager : Event: ======'commander_1_changed'====== Args={}
2023-01-16 17:09:22,990 : WARNING : Mode.confederate : Can only start mode confederate during a game. Aborting start.
2023-01-16 17:09:22,990 : WARNING : Mode.capture : Can only start mode capture during a game. Aborting start.
2023-01-16 17:09:22,990 : WARNING : Mode.main_play : Can only start mode main_play during a game. Aborting start.
2023-01-16 17:09:22,990 : WARNING : Mode.drednaught : Can only start mode drednaught during a game. Aborting start.
2023-01-16 17:09:22,990 : WARNING : Mode.hc_lock_lit : Can only start mode hc_lock_lit during a game. Aborting start.
2023-01-16 17:09:22,994 : INFO : EventManager : Event: ======'init_phase_2'====== Args={}
2023-01-16 17:09:22,994 : INFO : SwitchController : Found active switch: ('2', <Platform.SmartVirtual>) <switch.s_trough1>
2023-01-16 17:09:22,994 : INFO : SwitchController : Found active switch: ('3', <Platform.SmartVirtual>) <switch.s_trough2>
2023-01-16 17:09:22,994 : INFO : SwitchController : Found active switch: ('4', <Platform.SmartVirtual>) <switch.s_trough3>
2023-01-16 17:09:22,994 : INFO : SwitchController : Found active switch: ('5', <Platform.SmartVirtual>) <switch.s_trough4>
2023-01-16 17:09:22,994 : INFO : SwitchController : Found active switch: ('6', <Platform.SmartVirtual>) <switch.s_trough5>
2023-01-16 17:09:22,995 : INFO : SwitchController : Found active switch: ('7', <Platform.SmartVirtual>) <switch.s_trough6>
2023-01-16 17:09:23,051 : INFO : EventManager : Event: ======'machine_var_score1_label'====== Args={'value': 'GRAND ADMIRAL', 'prev_value': None, 'change': True}
2023-01-16 17:09:23,052 : INFO : EventManager : Event: ======'machine_var_score1_name'====== Args={'value': 'SBA', 'prev_value': None, 'change': True}
2023-01-16 17:09:23,052 : INFO : EventManager : Event: ======'machine_var_score1_value'====== Args={'value': 1000000000, 'prev_value': None, 'change': True}
2023-01-16 17:09:23,052 : INFO : EventManager : Event: ======'machine_var_score2_label'====== Args={'value': 'ADMIRAL 1', 'prev_value': None, 'change': True}
2023-01-16 17:09:23,052 : INFO : EventManager : Event: ======'machine_var_score2_name'====== Args={'value': 'OCP', 'prev_value': None, 'change': True}
2023-01-16 17:09:23,052 : INFO : EventManager : Event: ======'machine_var_score2_value'====== Args={'value': 900000000, 'prev_value': None, 'change': True}
2023-01-16 17:09:23,052 : INFO : EventManager : Event: ======'machine_var_score3_label'====== Args={'value': 'ADMIRAL 2', 'prev_value': None, 'change': True}
2023-01-16 17:09:23,052 : INFO : EventManager : Event: ======'machine_var_score3_name'====== Args={'value': 'AND', 'prev_value': None, 'change': True}
2023-01-16 17:09:23,052 : INFO : EventManager : Event: ======'machine_var_score3_value'====== Args={'value': 800000000, 'prev_value': None, 'change': True}
2023-01-16 17:09:23,052 : INFO : EventManager : Event: ======'machine_var_score4_label'====== Args={'value': 'ADMIRAL 3', 'prev_value': None, 'change': True}
2023-01-16 17:09:23,052 : INFO : EventManager : Event: ======'machine_var_score4_name'====== Args={'value': 'W G', 'prev_value': None, 'change': True}
2023-01-16 17:09:23,052 : INFO : EventManager : Event: ======'machine_var_score4_value'====== Args={'value': 700000000, 'prev_value': None, 'change': True}
2023-01-16 17:09:23,053 : INFO : EventManager : Event: ======'machine_var_score5_label'====== Args={'value': 'ADMIRAL 4', 'prev_value': None, 'change': True}
2023-01-16 17:09:23,053 : INFO : EventManager : Event: ======'machine_var_score5_name'====== Args={'value': 'WOW', 'prev_value': None, 'change': True}
2023-01-16 17:09:23,053 : INFO : EventManager : Event: ======'machine_var_score5_value'====== Args={'value': 600000000, 'prev_value': None, 'change': True}
2023-01-16 17:09:23,053 : INFO : EventManager : Event: ======'bcp_connection_attempt'====== Args={'name': 'local_display', 'host': 'localhost', 'port': 5050}
2023-01-16 17:09:23,055 : INFO : BCPClientSocket : Connecting BCP to 'local_display' at localhost:5050...
2023-01-16 17:09:33,484 : INFO : BCPClientSocket : Connected BCP to 'local_display' localhost:5050
2023-01-16 17:09:33,485 : INFO : EventManager : Event: ======'bcp_clients_connected'====== Args={}
2023-01-16 17:09:33,495 : INFO : ball_device.bd_trough : State: idle
2023-01-16 17:09:33,496 : INFO : EventManager : Event: ======'machine_var_mc_version'====== Args={'value': 'MPF-MC v0.54.2', 'prev_value': None, 'change': True}
2023-01-16 17:09:33,496 : INFO : EventManager : Event: ======'machine_var_mc_extended_version'====== Args={'value': 'MPF-MC v0.54.2 (config_version=5, BCP v1.1, Requires MPF v0.54.0)', 'prev_value': None, 'change': True}
2023-01-16 17:09:33,508 : INFO : ball_device.bd_plunger : State: idle
2023-01-16 17:09:33,509 : INFO : ball_device.bd_saucer : State: idle
2023-01-16 17:09:33,509 : INFO : ball_device.bd_main_hole : State: idle
2023-01-16 17:09:33,510 : INFO : ball_device.bd_hc_lock : State: idle
2023-01-16 17:09:33,572 : INFO : EventManager : Event: ======'init_phase_3'====== Args={}
2023-01-16 17:09:33,663 : INFO : EventManager : Event: ======'machine_var_master_volume'====== Args={'value': 1.0, 'prev_value': None, 'change': True}
2023-01-16 17:09:33,677 : INFO : EventManager : Event: ======'init_phase_4'====== Args={}
2023-01-16 17:09:33,686 : INFO : BallController : Initial balls found: 5
2023-01-16 17:09:33,687 : INFO : EventManager : Event: ======'machine_var_audits_events_game_ended'====== Args={'value': 1, 'prev_value': None, 'change': True}
2023-01-16 17:09:33,687 : INFO : EventManager : Event: ======'machine_var_audits_events_game_started'====== Args={'value': 653, 'prev_value': None, 'change': True}
2023-01-16 17:09:33,687 : INFO : EventManager : Event: ======'machine_var_audits_player_score'====== Args={'value': {'average': 0.0, 'top': [0], 'total': 1}, 'prev_value': None, 'change': True}
2023-01-16 17:09:33,688 : INFO : EventManager : Event: ======'machine_var_audits_shots_battle_shot'====== Args={'value': 66, 'prev_value': None, 'change': True}
2023-01-16 17:09:33,688 : INFO : EventManager : Event: ======'machine_var_audits_shots_confederate_1'====== Args={'value': 13, 'prev_value': None, 'change': True}
2023-01-16 17:09:33,688 : INFO : EventManager : Event: ======'machine_var_audits_shots_confederate_2'====== Args={'value': 235, 'prev_value': None, 'change': True}
2023-01-16 17:09:33,689 : INFO : EventManager : Event: ======'machine_var_audits_shots_confederate_3'====== Args={'value': 91, 'prev_value': None, 'change': True}
2023-01-16 17:09:33,689 : INFO : EventManager : Event: ======'machine_var_audits_shots_confederate_4'====== Args={'value': 29, 'prev_value': None, 'change': True}
2023-01-16 17:09:33,689 : INFO : EventManager : Event: ======'machine_var_audits_shots_confederate_5'====== Args={'value': 10, 'prev_value': None, 'change': True}
2023-01-16 17:09:33,689 : INFO : EventManager : Event: ======'machine_var_audits_shots_confederate_6'====== Args={'value': 399, 'prev_value': None, 'change': True}
2023-01-16 17:09:33,690 : INFO : EventManager : Event: ======'machine_var_audits_shots_detonation'====== Args={'value': 42, 'prev_value': None, 'change': True}
2023-01-16 17:09:33,690 : INFO : EventManager : Event: ======'machine_var_audits_shots_detonation_lit'====== Args={'value': 172, 'prev_value': None, 'change': True}
2023-01-16 17:09:33,690 : INFO : EventManager : Event: ======'machine_var_audits_shots_dmg_con_1'====== Args={'value': 96, 'prev_value': None, 'change': True}
2023-01-16 17:09:33,691 : INFO : EventManager : Event: ======'machine_var_audits_shots_dmg_con_2'====== Args={'value': 122, 'prev_value': None, 'change': True}
2023-01-16 17:09:33,691 : INFO : EventManager : Event: ======'machine_var_audits_shots_dmg_con_3'====== Args={'value': 84, 'prev_value': None, 'change': True}
2023-01-16 17:09:33,691 : INFO : EventManager : Event: ======'machine_var_audits_shots_dmg_con_4'====== Args={'value': 101, 'prev_value': None, 'change': True}
2023-01-16 17:09:33,692 : INFO : EventManager : Event: ======'machine_var_audits_shots_dmg_con_5'====== Args={'value': 78, 'prev_value': None, 'change': True}
2023-01-16 17:09:33,692 : INFO : EventManager : Event: ======'machine_var_audits_shots_dmg_con_6'====== Args={'value': 99, 'prev_value': None, 'change': True}
2023-01-16 17:09:33,692 : INFO : EventManager : Event: ======'machine_var_audits_shots_dmg_con_add_time_1'====== Args={'value': 32, 'prev_value': None, 'change': True}
2023-01-16 17:09:33,693 : INFO : EventManager : Event: ======'machine_var_audits_shots_dmg_con_add_time_2'====== Args={'value': 43, 'prev_value': None, 'change': True}
2023-01-16 17:09:33,693 : INFO : EventManager : Event: ======'machine_var_audits_shots_dmg_con_add_time_3'====== Args={'value': 24, 'prev_value': None, 'change': True}
2023-01-16 17:09:33,693 : INFO : EventManager : Event: ======'machine_var_audits_shots_dmg_con_add_time_4'====== Args={'value': 21, 'prev_value': None, 'change': True}
2023-01-16 17:09:33,693 : INFO : EventManager : Event: ======'machine_var_audits_shots_jackpot_1'====== Args={'value': 79, 'prev_value': None, 'change': True}
2023-01-16 17:09:33,694 : INFO : EventManager : Event: ======'machine_var_audits_shots_jackpot_2'====== Args={'value': 106, 'prev_value': None, 'change': True}
2023-01-16 17:09:33,694 : INFO : EventManager : Event: ======'machine_var_audits_shots_jackpot_3'====== Args={'value': 91, 'prev_value': None, 'change': True}
2023-01-16 17:09:33,695 : INFO : EventManager : Event: ======'machine_var_audits_shots_jackpot_4'====== Args={'value': 41, 'prev_value': None, 'change': True}
2023-01-16 17:09:33,695 : INFO : EventManager : Event: ======'machine_var_audits_shots_jackpot_5'====== Args={'value': 42, 'prev_value': None, 'change': True}
2023-01-16 17:09:33,695 : INFO : EventManager : Event: ======'machine_var_audits_shots_jackpot_6'====== Args={'value': 51, 'prev_value': None, 'change': True}
2023-01-16 17:09:33,696 : INFO : EventManager : Event: ======'machine_var_audits_shots_lane_A'====== Args={'value': 125, 'prev_value': None, 'change': True}
2023-01-16 17:09:33,696 : INFO : EventManager : Event: ======'machine_var_audits_shots_lane_B'====== Args={'value': 146, 'prev_value': None, 'change': True}
2023-01-16 17:09:33,696 : INFO : EventManager : Event: ======'machine_var_audits_shots_lane_C'====== Args={'value': 348, 'prev_value': None, 'change': True}
2023-01-16 17:09:33,697 : INFO : EventManager : Event: ======'machine_var_audits_shots_lane_D'====== Args={'value': 361, 'prev_value': None, 'change': True}
2023-01-16 17:09:33,697 : INFO : EventManager : Event: ======'machine_var_audits_shots_lane_E'====== Args={'value': 139, 'prev_value': None, 'change': True}
2023-01-16 17:09:33,697 : INFO : EventManager : Event: ======'machine_var_audits_shots_lock_lit_1'====== Args={'value': 1591, 'prev_value': None, 'change': True}
2023-01-16 17:09:33,697 : INFO : EventManager : Event: ======'machine_var_audits_shots_lock_lit_2'====== Args={'value': 1505, 'prev_value': None, 'change': True}
2023-01-16 17:09:33,697 : INFO : EventManager : Event: ======'machine_var_audits_shots_ricochet_1'====== Args={'value': 173, 'prev_value': None, 'change': True}
2023-01-16 17:09:33,697 : INFO : EventManager : Event: ======'machine_var_audits_shots_ricochet_2'====== Args={'value': 685, 'prev_value': None, 'change': True}
2023-01-16 17:09:33,698 : INFO : EventManager : Event: ======'machine_var_audits_shots_ricochet_3'====== Args={'value': 91, 'prev_value': None, 'change': True}
2023-01-16 17:09:33,698 : INFO : EventManager : Event: ======'machine_var_audits_shots_ricochet_4'====== Args={'value': 49, 'prev_value': None, 'change': True}
2023-01-16 17:09:33,698 : INFO : EventManager : Event: ======'machine_var_audits_shots_ricochet_5'====== Args={'value': 3, 'prev_value': None, 'change': True}
2023-01-16 17:09:33,699 : INFO : EventManager : Event: ======'machine_var_audits_switches_s_action_button'====== Args={'value': 45, 'prev_value': None, 'change': True}
2023-01-16 17:09:33,699 : INFO : EventManager : Event: ======'machine_var_audits_switches_s_bumper_1'====== Args={'value': 735, 'prev_value': None, 'change': True}
2023-01-16 17:09:33,700 : INFO : EventManager : Event: ======'machine_var_audits_switches_s_bumper_2'====== Args={'value': 223, 'prev_value': None, 'change': True}
2023-01-16 17:09:33,700 : INFO : EventManager : Event: ======'machine_var_audits_switches_s_bumper_3'====== Args={'value': 667, 'prev_value': None, 'change': True}
2023-01-16 17:09:33,700 : INFO : EventManager : Event: ======'machine_var_audits_switches_s_center_ramp'====== Args={'value': 114, 'prev_value': None, 'change': True}
2023-01-16 17:09:33,714 : INFO : EventManager : Event: ======'machine_var_audits_switches_s_citadel'====== Args={'value': 75, 'prev_value': None, 'change': True}
2023-01-16 17:09:33,715 : INFO : EventManager : Event: ======'machine_var_audits_switches_s_citadel_lock'====== Args={'value': 255, 'prev_value': None, 'change': True}
2023-01-16 17:09:33,715 : INFO : EventManager : Event: ======'machine_var_audits_switches_s_conning_tower'====== Args={'value': 4, 'prev_value': None, 'change': True}
2023-01-16 17:09:33,715 : INFO : EventManager : Event: ======'machine_var_audits_switches_s_detonation'====== Args={'value': 172, 'prev_value': None, 'change': True}
2023-01-16 17:09:33,716 : INFO : EventManager : Event: ======'machine_var_audits_switches_s_detonation_lit'====== Args={'value': 24, 'prev_value': None, 'change': True}
2023-01-16 17:09:33,716 : INFO : EventManager : Event: ======'machine_var_audits_switches_s_dmg_1'====== Args={'value': 2704, 'prev_value': None, 'change': True}
2023-01-16 17:09:33,717 : INFO : EventManager : Event: ======'machine_var_audits_switches_s_dmg_2'====== Args={'value': 65, 'prev_value': None, 'change': True}
2023-01-16 17:09:33,717 : INFO : EventManager : Event: ======'machine_var_audits_switches_s_dmg_3'====== Args={'value': 20, 'prev_value': None, 'change': True}
2023-01-16 17:09:33,717 : INFO : EventManager : Event: ======'machine_var_audits_switches_s_dmg_4'====== Args={'value': 27, 'prev_value': None, 'change': True}
2023-01-16 17:09:33,718 : INFO : EventManager : Event: ======'machine_var_audits_switches_s_dmg_5'====== Args={'value': 26, 'prev_value': None, 'change': True}
2023-01-16 17:09:33,718 : INFO : EventManager : Event: ======'machine_var_audits_switches_s_dmg_6'====== Args={'value': 139, 'prev_value': None, 'change': True}
2023-01-16 17:09:33,719 : INFO : EventManager : Event: ======'machine_var_audits_switches_s_dmg_7'====== Args={'value': 293, 'prev_value': None, 'change': True}
2023-01-16 17:09:33,719 : INFO : EventManager : Event: ======'machine_var_audits_switches_s_drop_target'====== Args={'value': 2094, 'prev_value': None, 'change': True}
2023-01-16 17:09:33,719 : INFO : EventManager : Event: ======'machine_var_audits_switches_s_jet_hole'====== Args={'value': 0, 'prev_value': None, 'change': True}
2023-01-16 17:09:33,720 : INFO : EventManager : Event: ======'machine_var_audits_switches_s_jet_lane'====== Args={'value': 1, 'prev_value': None, 'change': True}
2023-01-16 17:09:33,720 : INFO : EventManager : Event: ======'machine_var_audits_switches_s_kickback'====== Args={'value': 0, 'prev_value': None, 'change': True}
2023-01-16 17:09:33,721 : INFO : EventManager : Event: ======'machine_var_audits_switches_s_kickback_target_1'====== Args={'value': 0, 'prev_value': None, 'change': True}
2023-01-16 17:09:33,721 : INFO : EventManager : Event: ======'machine_var_audits_switches_s_kickback_target_2'====== Args={'value': 0, 'prev_value': None, 'change': True}
2023-01-16 17:09:33,721 : INFO : EventManager : Event: ======'machine_var_audits_switches_s_kickback_target_3'====== Args={'value': 6, 'prev_value': None, 'change': True}
2023-01-16 17:09:33,722 : INFO : EventManager : Event: ======'machine_var_audits_switches_s_kickback_terget_1'====== Args={'value': 0, 'prev_value': None, 'change': True}
2023-01-16 17:09:33,722 : INFO : EventManager : Event: ======'machine_var_audits_switches_s_left_flipper'====== Args={'value': 1467, 'prev_value': None, 'change': True}
2023-01-16 17:09:33,723 : INFO : EventManager : Event: ======'machine_var_audits_switches_s_left_hole'====== Args={'value': 0, 'prev_value': None, 'change': True}
2023-01-16 17:09:33,723 : INFO : EventManager : Event: ======'machine_var_audits_switches_s_left_inlane'====== Args={'value': 349, 'prev_value': None, 'change': True}
2023-01-16 17:09:33,723 : INFO : EventManager : Event: ======'machine_var_audits_switches_s_left_loop_made'====== Args={'value': 244, 'prev_value': None, 'change': True}
2023-01-16 17:09:33,724 : INFO : EventManager : Event: ======'machine_var_audits_switches_s_left_loop_pre'====== Args={'value': 201, 'prev_value': None, 'change': True}
2023-01-16 17:09:33,724 : INFO : EventManager : Event: ======'machine_var_audits_switches_s_left_mid_inlane'====== Args={'value': 146, 'prev_value': None, 'change': True}
2023-01-16 17:09:33,725 : INFO : EventManager : Event: ======'machine_var_audits_switches_s_left_outlane'====== Args={'value': 125, 'prev_value': None, 'change': True}
2023-01-16 17:09:33,725 : INFO : EventManager : Event: ======'machine_var_audits_switches_s_left_ramp_made'====== Args={'value': 1996, 'prev_value': None, 'change': True}
2023-01-16 17:09:33,726 : INFO : EventManager : Event: ======'machine_var_audits_switches_s_left_ramp_pre'====== Args={'value': 273, 'prev_value': None, 'change': True}
2023-01-16 17:09:33,726 : INFO : EventManager : Event: ======'machine_var_audits_switches_s_left_slingshot'====== Args={'value': 33, 'prev_value': None, 'change': True}
2023-01-16 17:09:33,727 : INFO : EventManager : Event: ======'machine_var_audits_switches_s_lock_1'====== Args={'value': 425, 'prev_value': None, 'change': True}
2023-01-16 17:09:33,727 : INFO : EventManager : Event: ======'machine_var_audits_switches_s_lock_2'====== Args={'value': 437, 'prev_value': None, 'change': True}
2023-01-16 17:09:33,728 : INFO : EventManager : Event: ======'machine_var_audits_switches_s_lock_3'====== Args={'value': 520, 'prev_value': None, 'change': True}
2023-01-16 17:09:33,728 : INFO : EventManager : Event: ======'machine_var_audits_switches_s_magnet_switch'====== Args={'value': 0, 'prev_value': None, 'change': True}
2023-01-16 17:09:33,728 : INFO : EventManager : Event: ======'machine_var_audits_switches_s_main_hole'====== Args={'value': 1061, 'prev_value': None, 'change': True}
2023-01-16 17:09:33,729 : INFO : EventManager : Event: ======'machine_var_audits_switches_s_pen_1'====== Args={'value': 819, 'prev_value': None, 'change': True}
2023-01-16 17:09:33,729 : INFO : EventManager : Event: ======'machine_var_audits_switches_s_pen_2'====== Args={'value': 96, 'prev_value': None, 'change': True}
2023-01-16 17:09:33,730 : INFO : EventManager : Event: ======'machine_var_audits_switches_s_pen_3'====== Args={'value': 322, 'prev_value': None, 'change': True}
2023-01-16 17:09:33,730 : INFO : EventManager : Event: ======'machine_var_audits_switches_s_pen_4'====== Args={'value': 5, 'prev_value': None, 'change': True}
2023-01-16 17:09:33,731 : INFO : EventManager : Event: ======'machine_var_audits_switches_s_pen_5'====== Args={'value': 2, 'prev_value': None, 'change': True}
2023-01-16 17:09:33,731 : INFO : EventManager : Event: ======'machine_var_audits_switches_s_pen_6'====== Args={'value': 8, 'prev_value': None, 'change': True}
2023-01-16 17:09:33,732 : INFO : EventManager : Event: ======'machine_var_audits_switches_s_plunger'====== Args={'value': 4078, 'prev_value': None, 'change': True}
2023-01-16 17:09:33,732 : INFO : EventManager : Event: ======'machine_var_audits_switches_s_plunger_button'====== Args={'value': 4, 'prev_value': None, 'change': True}
2023-01-16 17:09:33,733 : INFO : EventManager : Event: ======'machine_var_audits_switches_s_ricochet_1'====== Args={'value': 197, 'prev_value': None, 'change': True}
2023-01-16 17:09:33,733 : INFO : EventManager : Event: ======'machine_var_audits_switches_s_ricochet_2'====== Args={'value': 692, 'prev_value': None, 'change': True}
2023-01-16 17:09:33,734 : INFO : EventManager : Event: ======'machine_var_audits_switches_s_ricochet_3'====== Args={'value': 93, 'prev_value': None, 'change': True}
2023-01-16 17:09:33,734 : INFO : EventManager : Event: ======'machine_var_audits_switches_s_ricochet_4'====== Args={'value': 54, 'prev_value': None, 'change': True}
2023-01-16 17:09:33,735 : INFO : EventManager : Event: ======'machine_var_audits_switches_s_ricochet_5'====== Args={'value': 8, 'prev_value': None, 'change': True}
2023-01-16 17:09:33,735 : INFO : EventManager : Event: ======'machine_var_audits_switches_s_right_flipper'====== Args={'value': 4214, 'prev_value': None, 'change': True}
2023-01-16 17:09:33,736 : INFO : EventManager : Event: ======'machine_var_audits_switches_s_right_hole'====== Args={'value': 26, 'prev_value': None, 'change': True}
2023-01-16 17:09:33,736 : INFO : EventManager : Event: ======'machine_var_audits_switches_s_right_inlane'====== Args={'value': 363, 'prev_value': None, 'change': True}
2023-01-16 17:09:33,737 : INFO : EventManager : Event: ======'machine_var_audits_switches_s_right_loop_made'====== Args={'value': 83, 'prev_value': None, 'change': True}
2023-01-16 17:09:33,737 : INFO : EventManager : Event: ======'machine_var_audits_switches_s_right_loop_pre'====== Args={'value': 71, 'prev_value': None, 'change': True}
2023-01-16 17:09:33,738 : INFO : EventManager : Event: ======'machine_var_audits_switches_s_right_outlane'====== Args={'value': 141, 'prev_value': None, 'change': True}
2023-01-16 17:09:33,738 : INFO : EventManager : Event: ======'machine_var_audits_switches_s_right_ramp_made'====== Args={'value': 1703, 'prev_value': None, 'change': True}
2023-01-16 17:09:33,739 : INFO : EventManager : Event: ======'machine_var_audits_switches_s_right_ramp_pre'====== Args={'value': 83, 'prev_value': None, 'change': True}
2023-01-16 17:09:33,739 : INFO : EventManager : Event: ======'machine_var_audits_switches_s_right_slingshot'====== Args={'value': 132, 'prev_value': None, 'change': True}
2023-01-16 17:09:33,740 : INFO : EventManager : Event: ======'machine_var_audits_switches_s_right_small_ramp'====== Args={'value': 0, 'prev_value': None, 'change': True}
2023-01-16 17:09:33,740 : INFO : EventManager : Event: ======'machine_var_audits_switches_s_right_tunnel'====== Args={'value': 0, 'prev_value': None, 'change': True}
2023-01-16 17:09:33,741 : INFO : EventManager : Event: ======'machine_var_audits_switches_s_saucer'====== Args={'value': 0, 'prev_value': None, 'change': True}
2023-01-16 17:09:33,741 : INFO : EventManager : Event: ======'machine_var_audits_switches_s_side_hole'====== Args={'value': 316, 'prev_value': None, 'change': True}
2023-01-16 17:09:33,742 : INFO : EventManager : Event: ======'machine_var_audits_switches_s_side_ramp_made'====== Args={'value': 1125, 'prev_value': None, 'change': True}
2023-01-16 17:09:33,742 : INFO : EventManager : Event: ======'machine_var_audits_switches_s_side_ramp_pre'====== Args={'value': 113, 'prev_value': None, 'change': True}
2023-01-16 17:09:33,743 : INFO : EventManager : Event: ======'machine_var_audits_switches_s_spinner'====== Args={'value': 0, 'prev_value': None, 'change': True}
2023-01-16 17:09:33,744 : INFO : EventManager : Event: ======'machine_var_audits_switches_s_start'====== Args={'value': 147, 'prev_value': None, 'change': True}
2023-01-16 17:09:33,744 : INFO : EventManager : Event: ======'machine_var_audits_switches_s_torpedo'====== Args={'value': 739, 'prev_value': None, 'change': True}
2023-01-16 17:09:33,745 : INFO : EventManager : Event: ======'machine_var_audits_switches_s_torpedo_lane'====== Args={'value': 2, 'prev_value': None, 'change': True}
2023-01-16 17:09:33,745 : INFO : EventManager : Event: ======'machine_var_audits_switches_s_torpedo_pre'====== Args={'value': 0, 'prev_value': None, 'change': True}
2023-01-16 17:09:33,746 : INFO : EventManager : Event: ======'machine_var_audits_switches_s_trough1'====== Args={'value': 654, 'prev_value': None, 'change': True}
2023-01-16 17:09:33,746 : INFO : EventManager : Event: ======'machine_var_audits_switches_s_trough2'====== Args={'value': 105, 'prev_value': None, 'change': True}
2023-01-16 17:09:33,747 : INFO : EventManager : Event: ======'machine_var_audits_switches_s_trough3'====== Args={'value': 82, 'prev_value': None, 'change': True}
2023-01-16 17:09:33,748 : INFO : EventManager : Event: ======'machine_var_audits_switches_s_trough4'====== Args={'value': 34, 'prev_value': None, 'change': True}
2023-01-16 17:09:33,748 : INFO : EventManager : Event: ======'machine_var_audits_switches_s_trough5'====== Args={'value': 2, 'prev_value': None, 'change': True}
2023-01-16 17:09:33,749 : INFO : EventManager : Event: ======'machine_var_audits_switches_s_trough6'====== Args={'value': 1, 'prev_value': None, 'change': True}
2023-01-16 17:09:33,749 : INFO : EventManager : Event: ======'machine_var_audits_switches_s_trough_jam'====== Args={'value': 0, 'prev_value': None, 'change': True}
2023-01-16 17:09:33,750 : INFO : EventManager : Event: ======'init_phase_5'====== Args={}
2023-01-16 17:09:33,773 : INFO : EventManager : Event: ======'init_done'====== Args={}
2023-01-16 17:09:33,787 : INFO : EventManager : Event: ======'machine_reset_phase_1'====== Args={}
2023-01-16 17:09:33,795 : INFO : EventManager : Event: ======'machine_reset_phase_2'====== Args={}
2023-01-16 17:09:33,795 : INFO : EventManager : Event: ======'machine_reset_phase_3'====== Args={}
2023-01-16 17:09:33,795 : INFO : EventManager : Event: ======'diverter_citadel_diverter_deactivating'====== Args={}
2023-01-16 17:09:33,795 : INFO : coil.c_loop_diverter : Disabling Driver
2023-01-16 17:09:33,796 : INFO : EventManager : Event: ======'diverter_torpedo_peg_deactivating'====== Args={}
2023-01-16 17:09:33,796 : INFO : coil.c_torpedo_peg : Disabling Driver
2023-01-16 17:09:33,796 : INFO : EventManager : Event: ======'reset_complete'====== Args={}
2023-01-16 17:09:33,796 : INFO : EventManager : Event: ======'mode_attract_will_start'====== Args={}
2023-01-16 17:09:33,797 : INFO : EventManager : Event: ======'mode_attract_starting'====== Args={}
2023-01-16 17:09:33,797 : INFO : Mode.attract : Started. Priority: 10
2023-01-16 17:09:33,797 : INFO : EventManager : Event: ======'modes_active_modes_changed'====== Args={}
2023-01-16 17:09:33,797 : INFO : EventManager : Event: ======'mode_attract_started'====== Args={}
2023-01-16 17:09:33,797 : INFO : EventManager : Event: ======'collecting_balls_complete'====== Args={}
2023-01-16 17:09:33,849 : INFO : Machine : Starting the main run loop.
2023-01-16 17:09:34,037 : INFO : EventManager : Event: ======'slide_attract_game_over_slide_created'====== Args={'_from_bcp': True}
2023-01-16 17:09:34,039 : INFO : EventManager : Event: ======'slide_attract_game_over_slide_active'====== Args={'_from_bcp': True}
2023-01-16 17:09:34,420 : INFO : BcpServer : New client connected.
2023-01-16 17:09:35,823 : INFO : EventManager : Event: ======'slide_end_mode_8_compIG_created'====== Args={'_from_bcp': True}
2023-01-16 17:09:35,844 : INFO : EventManager : Event: ======'slide_end_mode_8_compIG_active'====== Args={'_from_bcp': True}
2023-01-16 17:09:37,836 : INFO : EventManager : Event: ======'slide_end_mode_8_comp_created'====== Args={'_from_bcp': True}
2023-01-16 17:09:37,854 : INFO : EventManager : Event: ======'slide_end_mode_8_comp_active'====== Args={'_from_bcp': True}
2023-01-16 17:09:39,826 : INFO : EventManager : Event: ======'slide_end_mode_8_co_created'====== Args={'_from_bcp': True}
2023-01-16 17:09:39,833 : INFO : EventManager : Event: ======'slide_end_mode_8_co_active'====== Args={'_from_bcp': True}
2023-01-16 17:09:41,819 : INFO : EventManager : Event: ======'slide_end_mode_8_com_created'====== Args={'_from_bcp': True}
2023-01-16 17:09:41,836 : INFO : EventManager : Event: ======'slide_end_mode_8_com_active'====== Args={'_from_bcp': True}
2023-01-16 17:09:43,818 : INFO : EventManager : Event: ======'slide_end_mode_8_completed_created'====== Args={'_from_bcp': True}
2023-01-16 17:09:43,837 : INFO : EventManager : Event: ======'slide_end_mode_8_completed_active'====== Args={'_from_bcp': True}
2023-01-16 17:09:45,818 : INFO : EventManager : Event: ======'slide_scores_slide_created'====== Args={'_from_bcp': True}
2023-01-16 17:09:45,821 : INFO : EventManager : Event: ======'slide_scores_slide_active'====== Args={'_from_bcp': True}
2023-01-16 17:09:47,823 : INFO : EventManager : Event: ======'slide_medals_back_created'====== Args={'_from_bcp': True}
2023-01-16 17:09:47,824 : INFO : EventManager : Event: ======'slide_medals_back_active'====== Args={'_from_bcp': True}
2023-01-16 17:09:49,817 : INFO : EventManager : Event: ======'slide_medals_created'====== Args={'_from_bcp': True}
2023-01-16 17:09:49,821 : INFO : EventManager : Event: ======'slide_medals_active'====== Args={'_from_bcp': True}
2023-01-16 17:09:51,813 : INFO : EventManager : Event: ======'slide_aircraft_slide_created'====== Args={'_from_bcp': True}
2023-01-16 17:09:51,828 : INFO : EventManager : Event: ======'slide_aircraft_slide_active'====== Args={'_from_bcp': True}
2023-01-16 17:09:53,819 : INFO : EventManager : Event: ======'slide_t_1_1_slide_created'====== Args={'_from_bcp': True}
2023-01-16 17:09:53,823 : INFO : EventManager : Event: ======'slide_t_1_1_slide_active'====== Args={'_from_bcp': True}
2023-01-16 17:09:55,845 : INFO : EventManager : Event: ======'slide_t_1_2_slide_created'====== Args={'_from_bcp': True}
2023-01-16 17:09:55,845 : INFO : EventManager : Event: ======'slide_t_1_2_slide_active'====== Args={'_from_bcp': True}
2023-01-16 17:09:57,837 : INFO : EventManager : Event: ======'slide_t_1_3_slide_created'====== Args={'_from_bcp': True}
2023-01-16 17:09:57,839 : INFO : EventManager : Event: ======'slide_t_1_3_slide_active'====== Args={'_from_bcp': True}
2023-01-16 17:09:59,831 : INFO : EventManager : Event: ======'slide_t_1_4_slide_created'====== Args={'_from_bcp': True}
2023-01-16 17:09:59,831 : INFO : EventManager : Event: ======'slide_t_1_4_slide_active'====== Args={'_from_bcp': True}
2023-01-16 17:10:01,818 : INFO : EventManager : Event: ======'slide_t_2_1_slide_created'====== Args={'_from_bcp': True}
2023-01-16 17:10:01,823 : INFO : EventManager : Event: ======'slide_t_2_1_slide_active'====== Args={'_from_bcp': True}
2023-01-16 17:10:03,841 : INFO : EventManager : Event: ======'slide_t_2_2_slide_created'====== Args={'_from_bcp': True}
2023-01-16 17:10:03,845 : INFO : EventManager : Event: ======'slide_t_2_2_slide_active'====== Args={'_from_bcp': True}
2023-01-16 17:10:05,835 : INFO : EventManager : Event: ======'slide_t_2_3_slide_created'====== Args={'_from_bcp': True}
2023-01-16 17:10:05,840 : INFO : EventManager : Event: ======'slide_t_2_3_slide_active'====== Args={'_from_bcp': True}
2023-01-16 17:10:07,823 : INFO : EventManager : Event: ======'slide_t_2_4_slide_created'====== Args={'_from_bcp': True}
2023-01-16 17:10:07,824 : INFO : EventManager : Event: ======'slide_t_2_4_slide_active'====== Args={'_from_bcp': True}
2023-01-16 17:10:09,820 : INFO : EventManager : Event: ======'slide_t_3_1_slide_created'====== Args={'_from_bcp': True}
2023-01-16 17:10:09,824 : INFO : EventManager : Event: ======'slide_t_3_1_slide_active'====== Args={'_from_bcp': True}
2023-01-16 17:10:11,819 : INFO : EventManager : Event: ======'slide_t_3_2_slide_created'====== Args={'_from_bcp': True}
2023-01-16 17:10:11,824 : INFO : EventManager : Event: ======'slide_t_3_2_slide_active'====== Args={'_from_bcp': True}
2023-01-16 17:10:13,803 : INFO : EventManager : Event: ======'slide_t_3_3_slide_created'====== Args={'_from_bcp': True}
2023-01-16 17:10:13,808 : INFO : EventManager : Event: ======'slide_t_3_3_slide_active'====== Args={'_from_bcp': True}
2023-01-16 17:10:15,819 : INFO : EventManager : Event: ======'slide_t_3_4_slide_created'====== Args={'_from_bcp': True}
2023-01-16 17:10:15,824 : INFO : EventManager : Event: ======'slide_t_3_4_slide_active'====== Args={'_from_bcp': True}
2023-01-16 17:10:17,820 : INFO : EventManager : Event: ======'slide_t_4_1_slide_created'====== Args={'_from_bcp': True}
2023-01-16 17:10:17,824 : INFO : EventManager : Event: ======'slide_t_4_1_slide_active'====== Args={'_from_bcp': True}
2023-01-16 17:10:19,836 : INFO : EventManager : Event: ======'slide_t_4_2_slide_created'====== Args={'_from_bcp': True}
2023-01-16 17:10:19,854 : INFO : EventManager : Event: ======'slide_t_4_2_slide_active'====== Args={'_from_bcp': True}
2023-01-16 17:10:21,819 : INFO : EventManager : Event: ======'slide_t_4_3_slide_created'====== Args={'_from_bcp': True}
2023-01-16 17:10:21,824 : INFO : EventManager : Event: ======'slide_t_4_3_slide_active'====== Args={'_from_bcp': True}
2023-01-16 17:10:23,849 : INFO : EventManager : Event: ======'slide_t_4_4_slide_created'====== Args={'_from_bcp': True}
2023-01-16 17:10:23,849 : INFO : EventManager : Event: ======'slide_t_4_4_slide_active'====== Args={'_from_bcp': True}
2023-01-16 17:10:25,799 : INFO : EventManager : Event: ======'slide_commander_2_created'====== Args={'_from_bcp': True}
2023-01-16 17:10:25,800 : INFO : EventManager : Event: ======'slide_commander_2_active'====== Args={'_from_bcp': True}
2023-01-16 17:10:27,844 : INFO : EventManager : Event: ======'slide_red_created'====== Args={'_from_bcp': True}
2023-01-16 17:10:27,863 : INFO : EventManager : Event: ======'slide_red_active'====== Args={'_from_bcp': True}
2023-01-16 17:10:29,861 : INFO : EventManager : Event: ======'slide_blue_created'====== Args={'_from_bcp': True}
2023-01-16 17:10:29,882 : INFO : EventManager : Event: ======'slide_blue_active'====== Args={'_from_bcp': True}
2023-01-16 17:10:31,879 : INFO : EventManager : Event: ======'slide_green_created'====== Args={'_from_bcp': True}
2023-01-16 17:10:31,901 : INFO : EventManager : Event: ======'slide_green_active'====== Args={'_from_bcp': True}
2023-01-16 17:10:33,844 : INFO : EventManager : Event: ======'slide_yellow_created'====== Args={'_from_bcp': True}
2023-01-16 17:10:33,864 : INFO : EventManager : Event: ======'slide_yellow_active'====== Args={'_from_bcp': True}
2023-01-16 17:10:35,833 : INFO : EventManager : Event: ======'slide_capture_1_created'====== Args={'_from_bcp': True}
2023-01-16 17:10:35,834 : INFO : EventManager : Event: ======'slide_capture_1_active'====== Args={'_from_bcp': True}
2023-01-16 17:10:37,833 : INFO : EventManager : Event: ======'slide_capture_2_created'====== Args={'_from_bcp': True}
2023-01-16 17:10:37,834 : INFO : EventManager : Event: ======'slide_capture_2_active'====== Args={'_from_bcp': True}
2023-01-16 17:10:39,800 : INFO : EventManager : Event: ======'slide_capture_3_created'====== Args={'_from_bcp': True}
2023-01-16 17:10:39,801 : INFO : EventManager : Event: ======'slide_capture_3_active'====== Args={'_from_bcp': True}
2023-01-16 17:10:41,819 : INFO : EventManager : Event: ======'slide_cons_test_created'====== Args={'_from_bcp': True}
2023-01-16 17:10:41,823 : INFO : EventManager : Event: ======'slide_cons_test_active'====== Args={'_from_bcp': True}
2023-01-16 17:10:43,820 : INFO : EventManager : Event: ======'slide_consumable_slide_created'====== Args={'_from_bcp': True}
2023-01-16 17:10:43,821 : INFO : EventManager : Event: ======'slide_consumable_slide_active'====== Args={'_from_bcp': True}
2023-01-16 17:10:45,836 : INFO : EventManager : Event: ======'slide_consumable_slide1_created'====== Args={'_from_bcp': True}
2023-01-16 17:10:45,837 : INFO : EventManager : Event: ======'slide_consumable_slide1_active'====== Args={'_from_bcp': True}
2023-01-16 17:10:47,818 : INFO : EventManager : Event: ======'slide_consumable_slide2_created'====== Args={'_from_bcp': True}
2023-01-16 17:10:47,819 : INFO : EventManager : Event: ======'slide_consumable_slide2_active'====== Args={'_from_bcp': True}
2023-01-16 17:10:49,827 : INFO : EventManager : Event: ======'slide_hc_test_slide_created'====== Args={'_from_bcp': True}
2023-01-16 17:10:49,834 : INFO : EventManager : Event: ======'slide_hc_test_slide_active'====== Args={'_from_bcp': True}
2023-01-16 17:10:51,808 : INFO : EventManager : Event: ======'slide_test_slide_1_created'====== Args={'_from_bcp': True}
2023-01-16 17:10:51,814 : INFO : EventManager : Event: ======'slide_test_slide_1_active'====== Args={'_from_bcp': True}
2023-01-16 17:10:53,829 : INFO : EventManager : Event: ======'slide_test_slide_2_created'====== Args={'_from_bcp': True}
2023-01-16 17:10:53,836 : INFO : EventManager : Event: ======'slide_test_slide_2_active'====== Args={'_from_bcp': True}
2023-01-16 17:10:55,825 : INFO : EventManager : Event: ======'slide_test_slide_3_created'====== Args={'_from_bcp': True}
2023-01-16 17:10:55,832 : INFO : EventManager : Event: ======'slide_test_slide_3_active'====== Args={'_from_bcp': True}
2023-01-16 17:10:57,820 : INFO : EventManager : Event: ======'slide_test_slide_3_removed'====== Args={'_from_bcp': True}
2023-01-16 17:10:57,829 : INFO : EventManager : Event: ======'slide_test_slide_3_created'====== Args={'_from_bcp': True}
2023-01-16 17:10:57,832 : INFO : EventManager : Event: ======'slide_test_slide_3_active'====== Args={'_from_bcp': True}
2023-01-16 17:11:02,835 : INFO : EventManager : Event: ======'slide_attract_slide_1_created'====== Args={'_from_bcp': True}
2023-01-16 17:11:02,838 : INFO : EventManager : Event: ======'slide_attract_slide_1_active'====== Args={'_from_bcp': True}
2023-01-16 17:11:04,832 : INFO : EventManager : Event: ======'slide_attract_slide_3_created'====== Args={'_from_bcp': True}
2023-01-16 17:11:04,832 : INFO : EventManager : Event: ======'slide_attract_slide_3_active'====== Args={'_from_bcp': True}
2023-01-16 17:11:06,818 : INFO : EventManager : Event: ======'slide_attract_slide_1_removed'====== Args={'_from_bcp': True}
2023-01-16 17:11:06,820 : INFO : EventManager : Event: ======'slide_attract_slide_1_created'====== Args={'_from_bcp': True}
2023-01-16 17:11:06,821 : INFO : EventManager : Event: ======'slide_attract_slide_1_active'====== Args={'_from_bcp': True}
2023-01-16 17:11:08,802 : INFO : EventManager : Event: ======'slide_attract_slide_3_removed'====== Args={'_from_bcp': True}
2023-01-16 17:11:08,804 : INFO : EventManager : Event: ======'slide_attract_slide_3_created'====== Args={'_from_bcp': True}
2023-01-16 17:11:08,806 : INFO : EventManager : Event: ======'slide_attract_slide_3_active'====== Args={'_from_bcp': True}
2023-01-16 17:11:10,801 : INFO : EventManager : Event: ======'slide_attract_slide_4_created'====== Args={'_from_bcp': True}
2023-01-16 17:11:10,802 : INFO : EventManager : Event: ======'slide_attract_slide_4_active'====== Args={'_from_bcp': True}
2023-01-16 17:11:12,837 : INFO : EventManager : Event: ======'slide_attract_slide_5_created'====== Args={'_from_bcp': True}
2023-01-16 17:11:12,839 : INFO : EventManager : Event: ======'slide_attract_slide_5_active'====== Args={'_from_bcp': True}
2023-01-16 17:11:14,807 : INFO : EventManager : Event: ======'slide_attract_slide_6_created'====== Args={'_from_bcp': True}
2023-01-16 17:11:14,812 : INFO : EventManager : Event: ======'slide_attract_slide_6_active'====== Args={'_from_bcp': True}
2023-01-16 17:11:16,824 : INFO : EventManager : Event: ======'slide_attract_slide_7_created'====== Args={'_from_bcp': True}
2023-01-16 17:11:16,829 : INFO : EventManager : Event: ======'slide_attract_slide_7_active'====== Args={'_from_bcp': True}
2023-01-16 17:11:18,824 : INFO : EventManager : Event: ======'slide_attract_slide_8_created'====== Args={'_from_bcp': True}
2023-01-16 17:11:18,829 : INFO : EventManager : Event: ======'slide_attract_slide_8_active'====== Args={'_from_bcp': True}
2023-01-16 17:11:20,823 : INFO : EventManager : Event: ======'slide_attract_slide_9_created'====== Args={'_from_bcp': True}
2023-01-16 17:11:20,829 : INFO : EventManager : Event: ======'slide_attract_slide_9_active'====== Args={'_from_bcp': True}
2023-01-16 17:11:22,840 : INFO : EventManager : Event: ======'slide_attract_slide_10_created'====== Args={'_from_bcp': True}
2023-01-16 17:11:22,855 : INFO : EventManager : Event: ======'slide_attract_slide_10_active'====== Args={'_from_bcp': True}
2023-01-16 17:11:23,835 : INFO : EventManager : Event: ======'slide_attract_game_over_slide_removed'====== Args={'_from_bcp': True}
2023-01-16 17:11:23,838 : INFO : EventManager : Event: ======'slide_attract_game_over_slide_created'====== Args={'_from_bcp': True}
2023-01-16 17:11:23,840 : INFO : EventManager : Event: ======'slide_attract_game_over_slide_active'====== Args={'_from_bcp': True}
2023-01-16 17:11:25,837 : INFO : EventManager : Event: ======'slide_end_mode_8_compIG_removed'====== Args={'_from_bcp': True}
2023-01-16 17:11:25,842 : INFO : EventManager : Event: ======'slide_end_mode_8_compIG_created'====== Args={'_from_bcp': True}
2023-01-16 17:11:25,846 : INFO : EventManager : Event: ======'slide_end_mode_8_compIG_active'====== Args={'_from_bcp': True}
2023-01-16 17:11:27,838 : INFO : EventManager : Event: ======'slide_end_mode_8_comp_removed'====== Args={'_from_bcp': True}
2023-01-16 17:11:27,858 : INFO : EventManager : Event: ======'slide_end_mode_8_comp_created'====== Args={'_from_bcp': True}
2023-01-16 17:11:27,858 : INFO : EventManager : Event: ======'slide_end_mode_8_comp_active'====== Args={'_from_bcp': True}
2023-01-16 17:11:29,829 : INFO : EventManager : Event: ======'slide_end_mode_8_co_removed'====== Args={'_from_bcp': True}
2023-01-16 17:11:29,829 : INFO : EventManager : Event: ======'slide_end_mode_8_co_created'====== Args={'_from_bcp': True}
2023-01-16 17:11:29,835 : INFO : EventManager : Event: ======'slide_end_mode_8_co_active'====== Args={'_from_bcp': True}
2023-01-16 17:11:31,826 : INFO : EventManager : Event: ======'slide_end_mode_8_com_removed'====== Args={'_from_bcp': True}
2023-01-16 17:11:31,873 : INFO : EventManager : Event: ======'slide_end_mode_8_com_created'====== Args={'_from_bcp': True}
2023-01-16 17:11:31,878 : INFO : EventManager : Event: ======'slide_end_mode_8_com_active'====== Args={'_from_bcp': True}
2023-01-16 17:11:33,829 : INFO : EventManager : Event: ======'slide_end_mode_8_completed_removed'====== Args={'_from_bcp': True}
2023-01-16 17:11:33,829 : INFO : EventManager : Event: ======'slide_end_mode_8_completed_created'====== Args={'_from_bcp': True}
2023-01-16 17:11:33,833 : INFO : EventManager : Event: ======'slide_end_mode_8_completed_active'====== Args={'_from_bcp': True}
2023-01-16 17:11:35,822 : INFO : EventManager : Event: ======'slide_scores_slide_removed'====== Args={'_from_bcp': True}
2023-01-16 17:11:35,827 : INFO : EventManager : Event: ======'slide_scores_slide_created'====== Args={'_from_bcp': True}
2023-01-16 17:11:35,830 : INFO : EventManager : Event: ======'slide_scores_slide_active'====== Args={'_from_bcp': True}
2023-01-16 17:11:37,805 : INFO : EventManager : Event: ======'slide_medals_back_removed'====== Args={'_from_bcp': True}
2023-01-16 17:11:37,810 : INFO : EventManager : Event: ======'slide_medals_back_created'====== Args={'_from_bcp': True}
2023-01-16 17:11:37,812 : INFO : EventManager : Event: ======'slide_medals_back_active'====== Args={'_from_bcp': True}
2023-01-16 17:11:39,821 : INFO : EventManager : Event: ======'slide_medals_removed'====== Args={'_from_bcp': True}
2023-01-16 17:11:39,826 : INFO : EventManager : Event: ======'slide_medals_created'====== Args={'_from_bcp': True}
2023-01-16 17:11:39,829 : INFO : EventManager : Event: ======'slide_medals_active'====== Args={'_from_bcp': True}
2023-01-16 17:11:41,820 : INFO : EventManager : Event: ======'slide_aircraft_slide_removed'====== Args={'_from_bcp': True}
2023-01-16 17:11:41,821 : INFO : EventManager : Event: ======'slide_aircraft_slide_created'====== Args={'_from_bcp': True}
2023-01-16 17:11:41,822 : INFO : EventManager : Event: ======'slide_aircraft_slide_active'====== Args={'_from_bcp': True}
2023-01-16 17:11:43,825 : INFO : EventManager : Event: ======'slide_t_1_1_slide_removed'====== Args={'_from_bcp': True}
2023-01-16 17:11:43,828 : INFO : EventManager : Event: ======'slide_t_1_1_slide_created'====== Args={'_from_bcp': True}
2023-01-16 17:11:43,833 : INFO : EventManager : Event: ======'slide_t_1_1_slide_active'====== Args={'_from_bcp': True}
2023-01-16 17:11:45,806 : INFO : EventManager : Event: ======'slide_t_1_2_slide_removed'====== Args={'_from_bcp': True}
2023-01-16 17:11:45,811 : INFO : EventManager : Event: ======'slide_t_1_2_slide_created'====== Args={'_from_bcp': True}
2023-01-16 17:11:45,816 : INFO : EventManager : Event: ======'slide_t_1_2_slide_active'====== Args={'_from_bcp': True}
2023-01-16 17:11:47,806 : INFO : EventManager : Event: ======'slide_t_1_3_slide_removed'====== Args={'_from_bcp': True}
2023-01-16 17:11:47,811 : INFO : EventManager : Event: ======'slide_t_1_3_slide_created'====== Args={'_from_bcp': True}
2023-01-16 17:11:47,816 : INFO : EventManager : Event: ======'slide_t_1_3_slide_active'====== Args={'_from_bcp': True}
2023-01-16 17:11:49,823 : INFO : EventManager : Event: ======'slide_t_1_4_slide_removed'====== Args={'_from_bcp': True}
2023-01-16 17:11:49,829 : INFO : EventManager : Event: ======'slide_t_1_4_slide_created'====== Args={'_from_bcp': True}
2023-01-16 17:11:49,846 : INFO : EventManager : Event: ======'slide_t_1_4_slide_active'====== Args={'_from_bcp': True}
2023-01-16 17:11:51,830 : INFO : EventManager : Event: ======'slide_t_2_1_slide_removed'====== Args={'_from_bcp': True}
2023-01-16 17:11:51,830 : INFO : EventManager : Event: ======'slide_t_2_1_slide_created'====== Args={'_from_bcp': True}
2023-01-16 17:11:51,836 : INFO : EventManager : Event: ======'slide_t_2_1_slide_active'====== Args={'_from_bcp': True}
2023-01-16 17:11:53,806 : INFO : EventManager : Event: ======'slide_t_2_2_slide_removed'====== Args={'_from_bcp': True}
2023-01-16 17:11:53,812 : INFO : EventManager : Event: ======'slide_t_2_2_slide_created'====== Args={'_from_bcp': True}
2023-01-16 17:11:53,817 : INFO : EventManager : Event: ======'slide_t_2_2_slide_active'====== Args={'_from_bcp': True}
2023-01-16 17:11:55,806 : INFO : EventManager : Event: ======'slide_t_2_3_slide_removed'====== Args={'_from_bcp': True}
2023-01-16 17:11:55,811 : INFO : EventManager : Event: ======'slide_t_2_3_slide_created'====== Args={'_from_bcp': True}
2023-01-16 17:11:55,816 : INFO : EventManager : Event: ======'slide_t_2_3_slide_active'====== Args={'_from_bcp': True}
2023-01-16 17:11:57,806 : INFO : EventManager : Event: ======'slide_t_2_4_slide_removed'====== Args={'_from_bcp': True}
2023-01-16 17:11:57,812 : INFO : EventManager : Event: ======'slide_t_2_4_slide_created'====== Args={'_from_bcp': True}
2023-01-16 17:11:57,817 : INFO : EventManager : Event: ======'slide_t_2_4_slide_active'====== Args={'_from_bcp': True}
2023-01-16 17:11:59,806 : INFO : EventManager : Event: ======'slide_t_3_1_slide_removed'====== Args={'_from_bcp': True}
2023-01-16 17:11:59,812 : INFO : EventManager : Event: ======'slide_t_3_1_slide_created'====== Args={'_from_bcp': True}
2023-01-16 17:11:59,817 : INFO : EventManager : Event: ======'slide_t_3_1_slide_active'====== Args={'_from_bcp': True}
2023-01-16 17:12:01,806 : INFO : EventManager : Event: ======'slide_t_3_2_slide_removed'====== Args={'_from_bcp': True}
2023-01-16 17:12:01,812 : INFO : EventManager : Event: ======'slide_t_3_2_slide_created'====== Args={'_from_bcp': True}
2023-01-16 17:12:01,817 : INFO : EventManager : Event: ======'slide_t_3_2_slide_active'====== Args={'_from_bcp': True}
2023-01-16 17:12:03,807 : INFO : EventManager : Event: ======'slide_t_3_3_slide_removed'====== Args={'_from_bcp': True}
2023-01-16 17:12:03,813 : INFO : EventManager : Event: ======'slide_t_3_3_slide_created'====== Args={'_from_bcp': True}
2023-01-16 17:12:03,818 : INFO : EventManager : Event: ======'slide_t_3_3_slide_active'====== Args={'_from_bcp': True}
2023-01-16 17:12:05,813 : INFO : EventManager : Event: ======'slide_t_3_4_slide_removed'====== Args={'_from_bcp': True}
2023-01-16 17:12:05,813 : INFO : EventManager : Event: ======'slide_t_3_4_slide_created'====== Args={'_from_bcp': True}
2023-01-16 17:12:05,818 : INFO : EventManager : Event: ======'slide_t_3_4_slide_active'====== Args={'_from_bcp': True}
2023-01-16 17:12:07,825 : INFO : EventManager : Event: ======'slide_t_4_1_slide_removed'====== Args={'_from_bcp': True}
2023-01-16 17:12:07,844 : INFO : EventManager : Event: ======'slide_t_4_1_slide_created'====== Args={'_from_bcp': True}
2023-01-16 17:12:07,844 : INFO : EventManager : Event: ======'slide_t_4_1_slide_active'====== Args={'_from_bcp': True}
2023-01-16 17:12:09,812 : INFO : EventManager : Event: ======'slide_t_4_2_slide_removed'====== Args={'_from_bcp': True}
2023-01-16 17:12:09,813 : INFO : EventManager : Event: ======'slide_t_4_2_slide_created'====== Args={'_from_bcp': True}
2023-01-16 17:12:09,817 : INFO : EventManager : Event: ======'slide_t_4_2_slide_active'====== Args={'_from_bcp': True}
2023-01-16 17:12:11,824 : INFO : EventManager : Event: ======'slide_t_4_3_slide_removed'====== Args={'_from_bcp': True}
2023-01-16 17:12:11,830 : INFO : EventManager : Event: ======'slide_t_4_3_slide_created'====== Args={'_from_bcp': True}
2023-01-16 17:12:11,848 : INFO : EventManager : Event: ======'slide_t_4_3_slide_active'====== Args={'_from_bcp': True}
2023-01-16 17:12:13,821 : INFO : EventManager : Event: ======'slide_t_4_4_slide_removed'====== Args={'_from_bcp': True}
2023-01-16 17:12:13,821 : INFO : EventManager : Event: ======'slide_t_4_4_slide_created'====== Args={'_from_bcp': True}
2023-01-16 17:12:13,821 : INFO : EventManager : Event: ======'slide_t_4_4_slide_active'====== Args={'_from_bcp': True}
2023-01-16 17:12:15,822 : INFO : EventManager : Event: ======'slide_commander_2_removed'====== Args={'_from_bcp': True}
2023-01-16 17:12:15,824 : INFO : EventManager : Event: ======'slide_commander_2_created'====== Args={'_from_bcp': True}
2023-01-16 17:12:15,825 : INFO : EventManager : Event: ======'slide_commander_2_active'====== Args={'_from_bcp': True}
2023-01-16 17:12:17,818 : INFO : EventManager : Event: ======'slide_red_removed'====== Args={'_from_bcp': True}
2023-01-16 17:12:17,847 : INFO : EventManager : Event: ======'slide_red_created'====== Args={'_from_bcp': True}
2023-01-16 17:12:17,867 : INFO : EventManager : Event: ======'slide_red_active'====== Args={'_from_bcp': True}
2023-01-16 17:12:19,820 : INFO : EventManager : Event: ======'slide_blue_removed'====== Args={'_from_bcp': True}
2023-01-16 17:12:19,914 : INFO : EventManager : Event: ======'slide_blue_created'====== Args={'_from_bcp': True}
2023-01-16 17:12:19,936 : INFO : EventManager : Event: ======'slide_blue_active'====== Args={'_from_bcp': True}
2023-01-16 17:12:21,861 : INFO : EventManager : Event: ======'slide_green_removed'====== Args={'_from_bcp': True}
2023-01-16 17:12:21,885 : INFO : EventManager : Event: ======'slide_green_created'====== Args={'_from_bcp': True}
2023-01-16 17:12:21,907 : INFO : EventManager : Event: ======'slide_green_active'====== Args={'_from_bcp': True}
2023-01-16 17:12:23,841 : INFO : EventManager : Event: ======'slide_yellow_removed'====== Args={'_from_bcp': True}
2023-01-16 17:12:23,865 : INFO : EventManager : Event: ======'slide_yellow_created'====== Args={'_from_bcp': True}
2023-01-16 17:12:23,886 : INFO : EventManager : Event: ======'slide_yellow_active'====== Args={'_from_bcp': True}
2023-01-16 17:12:25,823 : INFO : EventManager : Event: ======'slide_capture_1_removed'====== Args={'_from_bcp': True}
2023-01-16 17:12:25,825 : INFO : EventManager : Event: ======'slide_capture_1_created'====== Args={'_from_bcp': True}
2023-01-16 17:12:25,826 : INFO : EventManager : Event: ======'slide_capture_1_active'====== Args={'_from_bcp': True}
2023-01-16 17:12:27,806 : INFO : EventManager : Event: ======'slide_capture_2_removed'====== Args={'_from_bcp': True}
2023-01-16 17:12:27,808 : INFO : EventManager : Event: ======'slide_capture_2_created'====== Args={'_from_bcp': True}
2023-01-16 17:12:27,809 : INFO : EventManager : Event: ======'slide_capture_2_active'====== Args={'_from_bcp': True}
2023-01-16 17:12:29,823 : INFO : EventManager : Event: ======'slide_capture_3_removed'====== Args={'_from_bcp': True}
2023-01-16 17:12:29,824 : INFO : EventManager : Event: ======'slide_capture_3_created'====== Args={'_from_bcp': True}
2023-01-16 17:12:29,826 : INFO : EventManager : Event: ======'slide_capture_3_active'====== Args={'_from_bcp': True}
2023-01-16 17:12:31,841 : INFO : EventManager : Event: ======'slide_cons_test_removed'====== Args={'_from_bcp': True}
2023-01-16 17:12:31,846 : INFO : EventManager : Event: ======'slide_cons_test_created'====== Args={'_from_bcp': True}
2023-01-16 17:12:31,850 : INFO : EventManager : Event: ======'slide_cons_test_active'====== Args={'_from_bcp': True}
2023-01-16 17:12:33,808 : INFO : EventManager : Event: ======'slide_consumable_slide_removed'====== Args={'_from_bcp': True}
2023-01-16 17:12:33,812 : INFO : EventManager : Event: ======'slide_consumable_slide_created'====== Args={'_from_bcp': True}
2023-01-16 17:12:33,813 : INFO : EventManager : Event: ======'slide_consumable_slide_active'====== Args={'_from_bcp': True}
2023-01-16 17:12:35,809 : INFO : EventManager : Event: ======'slide_consumable_slide1_removed'====== Args={'_from_bcp': True}
2023-01-16 17:12:35,813 : INFO : EventManager : Event: ======'slide_consumable_slide1_created'====== Args={'_from_bcp': True}
2023-01-16 17:12:35,814 : INFO : EventManager : Event: ======'slide_consumable_slide1_active'====== Args={'_from_bcp': True}
2023-01-16 17:12:37,807 : INFO : EventManager : Event: ======'slide_consumable_slide2_removed'====== Args={'_from_bcp': True}
2023-01-16 17:12:37,810 : INFO : EventManager : Event: ======'slide_consumable_slide2_created'====== Args={'_from_bcp': True}
2023-01-16 17:12:37,811 : INFO : EventManager : Event: ======'slide_consumable_slide2_active'====== Args={'_from_bcp': True}
2023-01-16 17:12:39,811 : INFO : EventManager : Event: ======'slide_hc_test_slide_removed'====== Args={'_from_bcp': True}
2023-01-16 17:12:39,835 : INFO : EventManager : Event: ======'slide_hc_test_slide_created'====== Args={'_from_bcp': True}
2023-01-16 17:12:39,836 : INFO : EventManager : Event: ======'slide_hc_test_slide_active'====== Args={'_from_bcp': True}
2023-01-16 17:12:41,828 : INFO : EventManager : Event: ======'slide_test_slide_1_removed'====== Args={'_from_bcp': True}
2023-01-16 17:12:41,835 : INFO : EventManager : Event: ======'slide_test_slide_1_created'====== Args={'_from_bcp': True}
2023-01-16 17:12:41,851 : INFO : EventManager : Event: ======'slide_test_slide_1_active'====== Args={'_from_bcp': True}
2023-01-16 17:12:43,828 : INFO : EventManager : Event: ======'slide_test_slide_2_removed'====== Args={'_from_bcp': True}
2023-01-16 17:12:43,848 : INFO : EventManager : Event: ======'slide_test_slide_2_created'====== Args={'_from_bcp': True}
2023-01-16 17:12:43,848 : INFO : EventManager : Event: ======'slide_test_slide_2_active'====== Args={'_from_bcp': True}
2023-01-16 17:12:45,811 : INFO : EventManager : Event: ======'slide_test_slide_3_removed'====== Args={'_from_bcp': True}
2023-01-16 17:12:45,819 : INFO : EventManager : Event: ======'slide_test_slide_3_created'====== Args={'_from_bcp': True}
2023-01-16 17:12:45,826 : INFO : EventManager : Event: ======'slide_test_slide_3_active'====== Args={'_from_bcp': True}
2023-01-16 17:12:47,811 : INFO : EventManager : Event: ======'slide_test_slide_3_removed'====== Args={'_from_bcp': True}
2023-01-16 17:12:47,820 : INFO : EventManager : Event: ======'slide_test_slide_3_created'====== Args={'_from_bcp': True}
2023-01-16 17:12:47,824 : INFO : EventManager : Event: ======'slide_test_slide_3_active'====== Args={'_from_bcp': True}
2023-01-16 17:12:52,808 : INFO : EventManager : Event: ======'slide_attract_slide_1_removed'====== Args={'_from_bcp': True}
2023-01-16 17:12:52,811 : INFO : EventManager : Event: ======'slide_attract_slide_1_created'====== Args={'_from_bcp': True}
2023-01-16 17:12:52,813 : INFO : EventManager : Event: ======'slide_attract_slide_1_active'====== Args={'_from_bcp': True}
2023-01-16 17:12:54,824 : INFO : EventManager : Event: ======'slide_attract_slide_3_removed'====== Args={'_from_bcp': True}
2023-01-16 17:12:54,827 : INFO : EventManager : Event: ======'slide_attract_slide_3_created'====== Args={'_from_bcp': True}
2023-01-16 17:12:54,829 : INFO : EventManager : Event: ======'slide_attract_slide_3_active'====== Args={'_from_bcp': True}
2023-01-16 17:12:56,812 : INFO : EventManager : Event: ======'slide_attract_slide_1_removed'====== Args={'_from_bcp': True}
2023-01-16 17:12:56,813 : INFO : EventManager : Event: ======'slide_attract_slide_1_created'====== Args={'_from_bcp': True}
2023-01-16 17:12:56,813 : INFO : EventManager : Event: ======'slide_attract_slide_1_active'====== Args={'_from_bcp': True}
2023-01-16 17:12:58,825 : INFO : EventManager : Event: ======'slide_attract_slide_3_removed'====== Args={'_from_bcp': True}
2023-01-16 17:12:58,828 : INFO : EventManager : Event: ======'slide_attract_slide_3_created'====== Args={'_from_bcp': True}
2023-01-16 17:12:58,831 : INFO : EventManager : Event: ======'slide_attract_slide_3_active'====== Args={'_from_bcp': True}
2023-01-16 17:13:00,808 : INFO : EventManager : Event: ======'slide_attract_slide_4_removed'====== Args={'_from_bcp': True}
2023-01-16 17:13:00,876 : INFO : EventManager : Event: ======'slide_attract_slide_4_created'====== Args={'_from_bcp': True}
2023-01-16 17:13:00,878 : INFO : EventManager : Event: ======'slide_attract_slide_4_active'====== Args={'_from_bcp': True}
2023-01-16 17:13:02,843 : INFO : EventManager : Event: ======'slide_attract_slide_5_removed'====== Args={'_from_bcp': True}
2023-01-16 17:13:02,846 : INFO : EventManager : Event: ======'slide_attract_slide_5_created'====== Args={'_from_bcp': True}
2023-01-16 17:13:02,849 : INFO : EventManager : Event: ======'slide_attract_slide_5_active'====== Args={'_from_bcp': True}
2023-01-16 17:13:04,810 : INFO : EventManager : Event: ======'slide_attract_slide_6_removed'====== Args={'_from_bcp': True}
2023-01-16 17:13:04,815 : INFO : EventManager : Event: ======'slide_attract_slide_6_created'====== Args={'_from_bcp': True}
2023-01-16 17:13:04,821 : INFO : EventManager : Event: ======'slide_attract_slide_6_active'====== Args={'_from_bcp': True}
2023-01-16 17:13:06,827 : INFO : EventManager : Event: ======'slide_attract_slide_7_removed'====== Args={'_from_bcp': True}
2023-01-16 17:13:06,832 : INFO : EventManager : Event: ======'slide_attract_slide_7_created'====== Args={'_from_bcp': True}
2023-01-16 17:13:06,838 : INFO : EventManager : Event: ======'slide_attract_slide_7_active'====== Args={'_from_bcp': True}
2023-01-16 17:13:08,827 : INFO : EventManager : Event: ======'slide_attract_slide_8_removed'====== Args={'_from_bcp': True}
2023-01-16 17:13:08,833 : INFO : EventManager : Event: ======'slide_attract_slide_8_created'====== Args={'_from_bcp': True}
2023-01-16 17:13:08,838 : INFO : EventManager : Event: ======'slide_attract_slide_8_active'====== Args={'_from_bcp': True}
2023-01-16 17:13:10,827 : INFO : EventManager : Event: ======'slide_attract_slide_9_removed'====== Args={'_from_bcp': True}
2023-01-16 17:13:10,833 : INFO : EventManager : Event: ======'slide_attract_slide_9_created'====== Args={'_from_bcp': True}
2023-01-16 17:13:10,838 : INFO : EventManager : Event: ======'slide_attract_slide_9_active'====== Args={'_from_bcp': True}
2023-01-16 17:13:12,827 : INFO : EventManager : Event: ======'slide_attract_slide_10_removed'====== Args={'_from_bcp': True}
2023-01-16 17:13:12,833 : INFO : EventManager : Event: ======'slide_attract_slide_10_created'====== Args={'_from_bcp': True}
2023-01-16 17:13:12,838 : INFO : EventManager : Event: ======'slide_attract_slide_10_active'====== Args={'_from_bcp': True}
2023-01-16 17:13:13,827 : INFO : EventManager : Event: ======'slide_attract_game_over_slide_removed'====== Args={'_from_bcp': True}
2023-01-16 17:13:13,829 : INFO : EventManager : Event: ======'slide_attract_game_over_slide_created'====== Args={'_from_bcp': True}
2023-01-16 17:13:13,831 : INFO : EventManager : Event: ======'slide_attract_game_over_slide_active'====== Args={'_from_bcp': True}
2023-01-16 17:13:15,810 : INFO : EventManager : Event: ======'slide_end_mode_8_compIG_removed'====== Args={'_from_bcp': True}
2023-01-16 17:13:15,815 : INFO : EventManager : Event: ======'slide_end_mode_8_compIG_created'====== Args={'_from_bcp': True}
2023-01-16 17:13:15,820 : INFO : EventManager : Event: ======'slide_end_mode_8_compIG_active'====== Args={'_from_bcp': True}
2023-01-16 17:13:17,812 : INFO : EventManager : Event: ======'slide_end_mode_8_comp_removed'====== Args={'_from_bcp': True}
2023-01-16 17:13:17,827 : INFO : EventManager : Event: ======'slide_end_mode_8_comp_created'====== Args={'_from_bcp': True}
2023-01-16 17:13:17,827 : INFO : EventManager : Event: ======'slide_end_mode_8_comp_active'====== Args={'_from_bcp': True}
2023-01-16 17:13:19,847 : INFO : EventManager : Event: ======'slide_end_mode_8_co_removed'====== Args={'_from_bcp': True}
2023-01-16 17:13:19,864 : INFO : EventManager : Event: ======'slide_end_mode_8_co_created'====== Args={'_from_bcp': True}
2023-01-16 17:13:19,864 : INFO : EventManager : Event: ======'slide_end_mode_8_co_active'====== Args={'_from_bcp': True}
2023-01-16 17:13:21,811 : INFO : EventManager : Event: ======'slide_end_mode_8_com_removed'====== Args={'_from_bcp': True}
2023-01-16 17:13:21,831 : INFO : EventManager : Event: ======'slide_end_mode_8_com_created'====== Args={'_from_bcp': True}
2023-01-16 17:13:21,831 : INFO : EventManager : Event: ======'slide_end_mode_8_com_active'====== Args={'_from_bcp': True}
2023-01-16 17:13:23,830 : INFO : EventManager : Event: ======'slide_end_mode_8_completed_removed'====== Args={'_from_bcp': True}
2023-01-16 17:13:23,836 : INFO : EventManager : Event: ======'slide_end_mode_8_completed_created'====== Args={'_from_bcp': True}
2023-01-16 17:13:23,840 : INFO : EventManager : Event: ======'slide_end_mode_8_completed_active'====== Args={'_from_bcp': True}
2023-01-16 17:13:25,811 : INFO : EventManager : Event: ======'slide_scores_slide_removed'====== Args={'_from_bcp': True}
2023-01-16 17:13:25,816 : INFO : EventManager : Event: ======'slide_scores_slide_created'====== Args={'_from_bcp': True}
2023-01-16 17:13:25,820 : INFO : EventManager : Event: ======'slide_scores_slide_active'====== Args={'_from_bcp': True}
2023-01-16 17:13:27,831 : INFO : EventManager : Event: ======'slide_medals_back_removed'====== Args={'_from_bcp': True}
2023-01-16 17:13:27,835 : INFO : EventManager : Event: ======'slide_medals_back_created'====== Args={'_from_bcp': True}
2023-01-16 17:13:27,836 : INFO : EventManager : Event: ======'slide_medals_back_active'====== Args={'_from_bcp': True}
2023-01-16 17:13:29,828 : INFO : EventManager : Event: ======'slide_medals_removed'====== Args={'_from_bcp': True}
2023-01-16 17:13:29,847 : INFO : EventManager : Event: ======'slide_medals_created'====== Args={'_from_bcp': True}
2023-01-16 17:13:29,847 : INFO : EventManager : Event: ======'slide_medals_active'====== Args={'_from_bcp': True}
2023-01-16 17:13:31,810 : INFO : EventManager : Event: ======'slide_aircraft_slide_removed'====== Args={'_from_bcp': True}
2023-01-16 17:13:31,812 : INFO : EventManager : Event: ======'slide_aircraft_slide_created'====== Args={'_from_bcp': True}
2023-01-16 17:13:31,813 : INFO : EventManager : Event: ======'slide_aircraft_slide_active'====== Args={'_from_bcp': True}
2023-01-16 17:13:32,477 : INFO : SwitchController : <<<<<<< 's_left_flipper' active >>>>>>>
2023-01-16 17:13:32,477 : INFO : EventManager : Event: ======'s_left_flipper_active'====== Args={}
2023-01-16 17:13:32,502 : INFO : EventManager : Event: ======'slide_medals_removed'====== Args={'_from_bcp': True}
2023-01-16 17:13:32,503 : INFO : EventManager : Event: ======'slide_medals_created'====== Args={'_from_bcp': True}
2023-01-16 17:13:32,505 : INFO : EventManager : Event: ======'slide_medals_active'====== Args={'_from_bcp': True}
2023-01-16 17:13:32,544 : INFO : SwitchController : <<<<<<< 's_left_flipper' inactive >>>>>>>
2023-01-16 17:13:33,941 : INFO : Machine : Shutting down...
2023-01-16 17:13:33,941 : INFO : EventManager : Event: ======'shutdown'====== Args={}
2023-01-16 17:13:33,944 : INFO : root : MPF run loop ended.
